zeynepozsoy@TELENITYs-MacBook-Pro stc-k8s % kubectl cluster-info
Kubernetes control plane is running at https://kubernetes.docker.internal:6443
CoreDNS is running at https://kubernetes.docker.internal:6443/api/v1/namespaces/kube-system/services/kube-dns:dns/proxy

To further debug and diagnose cluster problems, use 'kubectl cluster-info dump'.
zeynepozsoy@TELENITYs-MacBook-Pro stc-k8s % kubectl config get-contexts
CURRENT   NAME                              CLUSTER          AUTHINFO               NAMESPACE
*         docker-desktop                    docker-desktop   docker-desktop
          kubernetes-admin@kubernetes       kubernetes       kubernetes-admin
          kubernetes-admin@kubernetes-lab   kubernetes-lab   kubernetes-admin-lab
zeynepozsoy@TELENITYs-MacBook-Pro stc-k8s %
zeynepozsoy@TELENITYs-MacBook-Pro stc-k8s %
zeynepozsoy@TELENITYs-MacBook-Pro stc-k8s % kubectl config use-context kubernetes-admin@kubernetes
Switched to context "kubernetes-admin@kubernetes".
zeynepozsoy@TELENITYs-MacBook-Pro stc-k8s % kubectl config current-context
kubernetes-admin@kubernetes
zeynepozsoy@TELENITYs-MacBook-Pro stc-k8s % kubectl cluster-info
Kubernetes control plane is running at https://10.35.36.135:6443
CoreDNS is running at https://10.35.36.135:6443/api/v1/namespaces/kube-system/services/kube-dns:dns/proxy

To further debug and diagnose cluster problems, use 'kubectl cluster-info dump'.
zeynepozsoy@TELENITYs-MacBook-Pro stc-k8s % kubectl create namespace consolportals-test
namespace/consolportals-test created
zeynepozsoy@TELENITYs-MacBook-Pro stc-k8s % kubectl get namespace consolportals-test
NAME                 STATUS   AGE
consolportals-test   Active   7s
zeynepozsoy@TELENITYs-MacBook-Pro stc-k8s %
zeynepozsoy@TELENITYs-MacBook-Pro stc-k8s % kubectl get namespace consolportals-test
Unable to connect to the server: dial tcp 10.35.36.135:6443: i/o timeout
zeynepozsoy@TELENITYs-MacBook-Pro stc-k8s % kubectl get pod test-pull -n consolportals
Error from server (NotFound): namespaces "consolportals" not found
zeynepozsoy@TELENITYs-MacBook-Pro stc-k8s % kubectl get pod test-pull -n consolportals-test
Error from server (NotFound): pods "test-pull" not found
zeynepozsoy@TELENITYs-MacBook-Pro stc-k8s % cd stc/vcp/helm
zeynepozsoy@TELENITYs-MacBook-Pro helm % helm install consolportals-test . \
  --namespace consolportals-test \
  --set global.namespace=consolportals-test \
  --dry-run --debug
level=WARN msg="--dry-run is deprecated and should be replaced with '--dry-run=client'"
level=DEBUG msg="Original chart version" version=""
level=DEBUG msg="Chart path" path=/Users/zeynepozsoy/WebstormProjects/stc-k8s/stc/vcp/helm
level=DEBUG msg="number of dependencies in the chart" dependencies=0
NAME: consolportals-test
LAST DEPLOYED: Tue Jan 27 04:29:08 2026
NAMESPACE: consolportals-test
STATUS: pending-install
REVISION: 1
DESCRIPTION: Dry run complete
TEST SUITE: None
USER-SUPPLIED VALUES:
global:
  namespace: consolportals-test

COMPUTED VALUES:
a3gw:
  enabled: true
  image:
    pullPolicy: IfNotPresent
    repository: nexus.telenity.com/com/telenity/consolportals-sa-stc-vcp-a3gw
    tag: 1.0.0.1
  replicaCount: 2
adminportal:
  enabled: true
  image:
    pullPolicy: IfNotPresent
    repository: nexus.telenity.com/com/telenity/consolportals-sa-stc-vcp-adminportal
    tag: 1.0.0.1
  replicaCount: 2
ccportal:
  enabled: true
  image:
    pullPolicy: IfNotPresent
    repository: nexus.telenity.com/com/telenity/consolportals-sa-stc-vcp-ccportal
    tag: 1.0.0.1
  replicaCount: 2
global:
  namespace: consolportals-test
httpd:
  enabled: true
  image:
    pullPolicy: IfNotPresent
    repository: nexus.telenity.com/com/telenity/consolportals-sa-stc-vcp-httpd
    tag: 1.0.0.1
  replicaCount: 2
ingress:
  a3gwServicePort: 8444
  className: nginx
  enabled: true
  host: ""
  rules:
    captchaPaths:
    - /captcha
    cmpfRestPaths:
    - /cmpf-rest
    mainPaths:
    - /adminportal
    - /ccportal
    - /partnerportal
    - /conf
    - /site.json
    refreshTokenPaths:
    - /auth
    vcpServicesPaths:
    - /vcp-services
partnerportal:
  enabled: true
  image:
    pullPolicy: IfNotPresent
    repository: nexus.telenity.com/com/telenity/consolportals-sa-stc-vcp-partnerportal
    tag: 1.0.0.1
  replicaCount: 2
service:
  a3gw:
    name: consolportals-sa-stc-vcp-a3gw-service
    ports:
    - name: portals
      port: 8444
      targetPort: 8444
    - name: auth
      port: 8445
      targetPort: 8445
    selector:
      component: vcp-a3gw
    type: ClusterIP
  adminportal:
    name: consolportals-sa-stc-vcp-adminportal-service
    ports:
    - port: 8080
      targetPort: 8080
    selector:
      component: vcp-adminportal
    type: ClusterIP
  ccportal:
    name: consolportals-sa-stc-vcp-ccportal-service
    ports:
    - port: 8081
      targetPort: 8081
    selector:
      component: vcp-ccportal
    type: ClusterIP
  httpd:
    name: consolportals-sa-stc-vcp-httpd-service
    ports:
    - name: http
      port: 80
      targetPort: 80
    - name: https
      port: 443
      targetPort: 443
    selector:
      component: vcp-httpd
    type: ClusterIP
  partnerportal:
    name: consolportals-sa-stc-vcp-partnerportal-service
    ports:
    - port: 8082
      targetPort: 8082
    selector:
      component: vcp-partnerportal
    type: ClusterIP

HOOKS:
MANIFEST:
---
# Source: consolportals-vcp/templates/a3gw-service.yaml
apiVersion: v1
kind: Service
metadata:
  name: consolportals-sa-stc-vcp-a3gw-service
  namespace: consolportals-test
spec:
  type: ClusterIP
  selector:
    component: vcp-a3gw
  ports:
    - name: portals
      port: 8444
      targetPort: 8444
    - name: auth
      port: 8445
      targetPort: 8445
---
# Source: consolportals-vcp/templates/adminportal-service.yaml
apiVersion: v1
kind: Service
metadata:
  name: consolportals-sa-stc-vcp-adminportal-service
  namespace: consolportals-test
spec:
  type: ClusterIP
  selector:
    component: vcp-adminportal
  ports:
    - port: 8080
      targetPort: 8080
---
# Source: consolportals-vcp/templates/ccportal-service.yaml
apiVersion: v1
kind: Service
metadata:
  name: consolportals-sa-stc-vcp-ccportal-service
  namespace: consolportals-test
spec:
  type: ClusterIP
  selector:
    component: vcp-ccportal
  ports:
    - port: 8081
      targetPort: 8081
---
# Source: consolportals-vcp/templates/httpd-service.yaml
apiVersion: v1
kind: Service
metadata:
  name: consolportals-sa-stc-vcp-httpd-service
  namespace: consolportals-test
spec:
  type: ClusterIP
  selector:
    component: vcp-httpd
  ports:
    - name: http
      port: 80
      targetPort: 80
    - name: https
      port: 443
      targetPort: 443
---
# Source: consolportals-vcp/templates/partnerportal-service.yaml
apiVersion: v1
kind: Service
metadata:
  name: consolportals-sa-stc-vcp-partnerportal-service
  namespace: consolportals-test
spec:
  type: ClusterIP
  selector:
    component: vcp-partnerportal
  ports:
    - port: 8082
      targetPort: 8082
---
# Source: consolportals-vcp/templates/a3gw-deployment.yaml
apiVersion: apps/v1
kind: Deployment
metadata:
  name: consolportals-sa-stc-vcp-a3gw-deployment
  namespace: consolportals-test
spec:
  replicas: 2
  selector:
    matchLabels:
      component: vcp-a3gw
  template:
    metadata:
      labels:
        component: vcp-a3gw
    spec:
      containers:
        - name: vcp-a3gw
          image: "nexus.telenity.com/com/telenity/consolportals-sa-stc-vcp-a3gw:1.0.0.1"
          imagePullPolicy: IfNotPresent
          ports:
            - containerPort: 8444
            - containerPort: 8445
---
# Source: consolportals-vcp/templates/adminportal-deployment.yaml
apiVersion: apps/v1
kind: Deployment
metadata:
  name: consolportals-sa-stc-vcp-adminportal-deployment
  namespace: consolportals-test
spec:
  replicas: 2
  selector:
    matchLabels:
      component: vcp-adminportal
  template:
    metadata:
      labels:
        component: vcp-adminportal
    spec:
      containers:
        - name: vcp-adminportal
          image: "nexus.telenity.com/com/telenity/consolportals-sa-stc-vcp-adminportal:1.0.0.1"
          imagePullPolicy: IfNotPresent
          ports:
            - containerPort: 8080
---
# Source: consolportals-vcp/templates/ccportal-deployment.yaml
apiVersion: apps/v1
kind: Deployment
metadata:
  name: consolportals-sa-stc-vcp-ccportal-deployment
  namespace: consolportals-test
spec:
  replicas: 2
  selector:
    matchLabels:
      component: vcp-ccportal
  template:
    metadata:
      labels:
        component: vcp-ccportal
    spec:
      containers:
        - name: vcp-ccportal
          image: "nexus.telenity.com/com/telenity/consolportals-sa-stc-vcp-ccportal:1.0.0.1"
          imagePullPolicy: IfNotPresent
          ports:
            - containerPort: 8081
---
# Source: consolportals-vcp/templates/httpd-deployment.yaml
apiVersion: apps/v1
kind: Deployment
metadata:
  name: consolportals-sa-stc-vcp-httpd-deployment
  namespace: consolportals-test
spec:
  replicas: 2
  selector:
    matchLabels:
      component: vcp-httpd
  template:
    metadata:
      labels:
        component: vcp-httpd
    spec:
      containers:
        - name: vcp-httpd
          image: "nexus.telenity.com/com/telenity/consolportals-sa-stc-vcp-httpd:1.0.0.1"
          imagePullPolicy: IfNotPresent
          ports:
            - containerPort: 80
            - containerPort: 443
---
# Source: consolportals-vcp/templates/partnerportal-deployment.yaml
apiVersion: apps/v1
kind: Deployment
metadata:
  name: consolportals-sa-stc-vcp-partnerportal-deployment
  namespace: consolportals-test
spec:
  replicas: 2
  selector:
    matchLabels:
      component: vcp-partnerportal
  template:
    metadata:
      labels:
        component: vcp-partnerportal
    spec:
      containers:
        - name: vcp-partnerportal
          image: "nexus.telenity.com/com/telenity/consolportals-sa-stc-vcp-partnerportal:1.0.0.1"
          imagePullPolicy: IfNotPresent
          ports:
            - containerPort: 8082
---
# Source: consolportals-vcp/templates/ingress.yaml
apiVersion: networking.k8s.io/v1
kind: Ingress
metadata:
  name: consolportals-sa-stc-vcp-ingress
  namespace: consolportals-test
spec:
  ingressClassName: nginx
  rules:
    -
      http:
        paths:
          - path: /
            pathType: Prefix
            backend:
              service:
                name: consolportals-sa-stc-vcp-httpd-service
                port:
                  number: 80

zeynepozsoy@TELENITYs-MacBook-Pro stc-k8s % kubectl get namespace consolportals-test
Unable to connect to the server: dial tcp 10.35.36.135:6443: i/o timeout
zeynepozsoy@TELENITYs-MacBook-Pro stc-k8s % kubectl get pod test-pull -n consolportals
Error from server (NotFound): namespaces "consolportals" not found
zeynepozsoy@TELENITYs-MacBook-Pro stc-k8s % kubectl get pod test-pull -n consolportals-test
Error from server (NotFound): pods "test-pull" not found
zeynepozsoy@TELENITYs-MacBook-Pro stc-k8s % cd stc/vcp/helm
zeynepozsoy@TELENITYs-MacBook-Pro helm % helm install consolportals-test . \
  --namespace consolportals-test \
  --set global.namespace=consolportals-test \
  --dry-run --debug
level=WARN msg="--dry-run is deprecated and should be replaced with '--dry-run=client'"
level=DEBUG msg="Original chart version" version=""
level=DEBUG msg="Chart path" path=/Users/zeynepozsoy/WebstormProjects/stc-k8s/stc/vcp/helm
level=DEBUG msg="number of dependencies in the chart" dependencies=0
NAME: consolportals-test
LAST DEPLOYED: Tue Jan 27 04:29:08 2026
NAMESPACE: consolportals-test
STATUS: pending-install
REVISION: 1
DESCRIPTION: Dry run complete
TEST SUITE: None
USER-SUPPLIED VALUES:
global:
  namespace: consolportals-test

COMPUTED VALUES:
a3gw:
  enabled: true
  image:
    pullPolicy: IfNotPresent
    repository: nexus.telenity.com/com/telenity/consolportals-sa-stc-vcp-a3gw
    tag: 1.0.0.1
  replicaCount: 2
adminportal:
  enabled: true
  image:
    pullPolicy: IfNotPresent
    repository: nexus.telenity.com/com/telenity/consolportals-sa-stc-vcp-adminportal
    tag: 1.0.0.1
  replicaCount: 2
ccportal:
  enabled: true
  image:
    pullPolicy: IfNotPresent
    repository: nexus.telenity.com/com/telenity/consolportals-sa-stc-vcp-ccportal
    tag: 1.0.0.1
  replicaCount: 2
global:
  namespace: consolportals-test
httpd:
  enabled: true
  image:
    pullPolicy: IfNotPresent
    repository: nexus.telenity.com/com/telenity/consolportals-sa-stc-vcp-httpd
    tag: 1.0.0.1
  replicaCount: 2
ingress:
  a3gwServicePort: 8444
  className: nginx
  enabled: true
  host: ""
  rules:
    captchaPaths:
    - /captcha
    cmpfRestPaths:
    - /cmpf-rest
    mainPaths:
    - /adminportal
    - /ccportal
    - /partnerportal
    - /conf
    - /site.json
    refreshTokenPaths:
    - /auth
    vcpServicesPaths:
    - /vcp-services
partnerportal:
  enabled: true
  image:
    pullPolicy: IfNotPresent
    repository: nexus.telenity.com/com/telenity/consolportals-sa-stc-vcp-partnerportal
    tag: 1.0.0.1
  replicaCount: 2
service:
  a3gw:
    name: consolportals-sa-stc-vcp-a3gw-service
    ports:
    - name: portals
      port: 8444
      targetPort: 8444
    - name: auth
      port: 8445
      targetPort: 8445
    selector:
      component: vcp-a3gw
    type: ClusterIP
  adminportal:
    name: consolportals-sa-stc-vcp-adminportal-service
    ports:
    - port: 8080
      targetPort: 8080
    selector:
      component: vcp-adminportal
    type: ClusterIP
  ccportal:
    name: consolportals-sa-stc-vcp-ccportal-service
    ports:
    - port: 8081
      targetPort: 8081
    selector:
      component: vcp-ccportal
    type: ClusterIP
  httpd:
    name: consolportals-sa-stc-vcp-httpd-service
    ports:
    - name: http
      port: 80
      targetPort: 80
    - name: https
      port: 443
      targetPort: 443
    selector:
      component: vcp-httpd
    type: ClusterIP
  partnerportal:
    name: consolportals-sa-stc-vcp-partnerportal-service
    ports:
    - port: 8082
      targetPort: 8082
    selector:
      component: vcp-partnerportal
    type: ClusterIP

HOOKS:
MANIFEST:
---
# Source: consolportals-vcp/templates/a3gw-service.yaml
apiVersion: v1
kind: Service
metadata:
  name: consolportals-sa-stc-vcp-a3gw-service
  namespace: consolportals-test
spec:
  type: ClusterIP
  selector:
    component: vcp-a3gw
  ports:
    - name: portals
      port: 8444
      targetPort: 8444
    - name: auth
      port: 8445
      targetPort: 8445
---
# Source: consolportals-vcp/templates/adminportal-service.yaml
apiVersion: v1
kind: Service
metadata:
  name: consolportals-sa-stc-vcp-adminportal-service
  namespace: consolportals-test
spec:
  type: ClusterIP
  selector:
    component: vcp-adminportal
  ports:
    - port: 8080
      targetPort: 8080
---
# Source: consolportals-vcp/templates/ccportal-service.yaml
apiVersion: v1
kind: Service
metadata:
  name: consolportals-sa-stc-vcp-ccportal-service
  namespace: consolportals-test
spec:
  type: ClusterIP
  selector:
    component: vcp-ccportal
  ports:
    - port: 8081
      targetPort: 8081
---
# Source: consolportals-vcp/templates/httpd-service.yaml
apiVersion: v1
kind: Service
metadata:
  name: consolportals-sa-stc-vcp-httpd-service
  namespace: consolportals-test
spec:
  type: ClusterIP
  selector:
    component: vcp-httpd
  ports:
    - name: http
      port: 80
      targetPort: 80
    - name: https
      port: 443
      targetPort: 443
---
# Source: consolportals-vcp/templates/partnerportal-service.yaml
apiVersion: v1
kind: Service
metadata:
  name: consolportals-sa-stc-vcp-partnerportal-service
  namespace: consolportals-test
spec:
  type: ClusterIP
  selector:
    component: vcp-partnerportal
  ports:
    - port: 8082
      targetPort: 8082
---
# Source: consolportals-vcp/templates/a3gw-deployment.yaml
apiVersion: apps/v1
kind: Deployment
metadata:
  name: consolportals-sa-stc-vcp-a3gw-deployment
  namespace: consolportals-test
spec:
  replicas: 2
  selector:
    matchLabels:
      component: vcp-a3gw
  template:
    metadata:
      labels:
        component: vcp-a3gw
    spec:
      containers:
        - name: vcp-a3gw
          image: "nexus.telenity.com/com/telenity/consolportals-sa-stc-vcp-a3gw:1.0.0.1"
          imagePullPolicy: IfNotPresent
          ports:
            - containerPort: 8444
            - containerPort: 8445
---
# Source: consolportals-vcp/templates/adminportal-deployment.yaml
apiVersion: apps/v1
kind: Deployment
metadata:
  name: consolportals-sa-stc-vcp-adminportal-deployment
  namespace: consolportals-test
spec:
  replicas: 2
  selector:
    matchLabels:
      component: vcp-adminportal
  template:
    metadata:
      labels:
        component: vcp-adminportal
    spec:
      containers:
        - name: vcp-adminportal
          image: "nexus.telenity.com/com/telenity/consolportals-sa-stc-vcp-adminportal:1.0.0.1"
          imagePullPolicy: IfNotPresent
          ports:
            - containerPort: 8080
---
# Source: consolportals-vcp/templates/ccportal-deployment.yaml
apiVersion: apps/v1
kind: Deployment
metadata:
  name: consolportals-sa-stc-vcp-ccportal-deployment
  namespace: consolportals-test
spec:
  replicas: 2
  selector:
    matchLabels:
      component: vcp-ccportal
  template:
    metadata:
      labels:
        component: vcp-ccportal
    spec:
      containers:
        - name: vcp-ccportal
          image: "nexus.telenity.com/com/telenity/consolportals-sa-stc-vcp-ccportal:1.0.0.1"
          imagePullPolicy: IfNotPresent
          ports:
            - containerPort: 8081
---
# Source: consolportals-vcp/templates/httpd-deployment.yaml
apiVersion: apps/v1
kind: Deployment
metadata:
  name: consolportals-sa-stc-vcp-httpd-deployment
  namespace: consolportals-test
spec:
  replicas: 2
  selector:
    matchLabels:
      component: vcp-httpd
  template:
    metadata:
      labels:
        component: vcp-httpd
    spec:
      containers:
        - name: vcp-httpd
          image: "nexus.telenity.com/com/telenity/consolportals-sa-stc-vcp-httpd:1.0.0.1"
          imagePullPolicy: IfNotPresent
          ports:
            - containerPort: 80
            - containerPort: 443
---
# Source: consolportals-vcp/templates/partnerportal-deployment.yaml
apiVersion: apps/v1
kind: Deployment
metadata:
  name: consolportals-sa-stc-vcp-partnerportal-deployment
  namespace: consolportals-test
spec:
  replicas: 2
  selector:
    matchLabels:
      component: vcp-partnerportal
  template:
    metadata:
      labels:
        component: vcp-partnerportal
    spec:
      containers:
        - name: vcp-partnerportal
          image: "nexus.telenity.com/com/telenity/consolportals-sa-stc-vcp-partnerportal:1.0.0.1"
          imagePullPolicy: IfNotPresent
          ports:
            - containerPort: 8082
---
# Source: consolportals-vcp/templates/ingress.yaml
apiVersion: networking.k8s.io/v1
kind: Ingress
metadata:
  name: consolportals-sa-stc-vcp-ingress
  namespace: consolportals-test
spec:
  ingressClassName: nginx
  rules:
    -
      http:
        paths:
          - path: /
            pathType: Prefix
            backend:
              service:
                name: consolportals-sa-stc-vcp-httpd-service
                port:
                  number: 80

zeynepozsoy@TELENITYs-MacBook-Pro helm % # Install the chart
helm install consolportals-test . \
  --namespace consolportals-test \
  --set global.namespace=consolportals-test
zeynepozsoy@TELENITYs-MacBook-Pro helm % helm install consolportals-test . \
  --namespace consolportals-test \
  --set global.namespace=consolportals-test
NAME: consolportals-test
LAST DEPLOYED: Tue Jan 27 04:31:57 2026
NAMESPACE: consolportals-test
STATUS: deployed
REVISION: 1
DESCRIPTION: Install complete
TEST SUITE: None
zeynepozsoy@TELENITYs-MacBook-Pro helm % kubectl get pods -n consolportals-test -w
NAME                                                              READY   STATUS              RESTARTS     AGE
consolportals-sa-stc-vcp-a3gw-deployment-6566c9455-595xp          0/1     ContainerCreating   0            9s
consolportals-sa-stc-vcp-a3gw-deployment-6566c9455-8999m          0/1     ContainerCreating   0            9s
consolportals-sa-stc-vcp-adminportal-deployment-66cd9c64f7bhc5g   0/1     ContainerCreating   0            9s
consolportals-sa-stc-vcp-adminportal-deployment-66cd9c64f7dcj2k   0/1     ContainerCreating   0            9s
consolportals-sa-stc-vcp-ccportal-deployment-7f846f446c-8bs4k     0/1     ContainerCreating   0            9s
consolportals-sa-stc-vcp-ccportal-deployment-7f846f446c-f4vxz     0/1     CrashLoopBackOff    1 (2s ago)   9s
consolportals-sa-stc-vcp-httpd-deployment-7b86cc6d9-5p2xv         0/1     ContainerCreating   0            9s
consolportals-sa-stc-vcp-httpd-deployment-7b86cc6d9-jqmt6         0/1     ContainerCreating   0            9s
consolportals-sa-stc-vcp-partnerportal-deployment-5ff78d9899jjb   0/1     ContainerCreating   0            9s
consolportals-sa-stc-vcp-partnerportal-deployment-5ff78d98tl2mt   0/1     ContainerCreating   0            9s
consolportals-sa-stc-vcp-ccportal-deployment-7f846f446c-8bs4k     0/1     Error               0            10s
consolportals-sa-stc-vcp-partnerportal-deployment-5ff78d9899jjb   0/1     Error               0            11s
consolportals-sa-stc-vcp-ccportal-deployment-7f846f446c-8bs4k     0/1     Error               1 (1s ago)   11s
consolportals-sa-stc-vcp-ccportal-deployment-7f846f446c-8bs4k     0/1     CrashLoopBackOff    1 (1s ago)   12s
consolportals-sa-stc-vcp-partnerportal-deployment-5ff78d9899jjb   0/1     Error               1 (1s ago)   12s
consolportals-sa-stc-vcp-partnerportal-deployment-5ff78d9899jjb   0/1     CrashLoopBackOff    1 (1s ago)   13s
consolportals-sa-stc-vcp-httpd-deployment-7b86cc6d9-jqmt6         1/1     Running             0            16s
consolportals-sa-stc-vcp-httpd-deployment-7b86cc6d9-5p2xv         1/1     Running             0            17s
consolportals-sa-stc-vcp-httpd-deployment-7b86cc6d9-jqmt6         0/1     Error               0            17s
consolportals-sa-stc-vcp-httpd-deployment-7b86cc6d9-5p2xv         0/1     Error               0            18s
consolportals-sa-stc-vcp-httpd-deployment-7b86cc6d9-jqmt6         0/1     Error               1 (2s ago)   18s
consolportals-sa-stc-vcp-httpd-deployment-7b86cc6d9-5p2xv         0/1     Error               1 (2s ago)   19s
consolportals-sa-stc-vcp-httpd-deployment-7b86cc6d9-jqmt6         0/1     CrashLoopBackOff    1 (1s ago)   19s
consolportals-sa-stc-vcp-httpd-deployment-7b86cc6d9-5p2xv         0/1     CrashLoopBackOff    1 (2s ago)   20s
consolportals-sa-stc-vcp-adminportal-deployment-66cd9c64f7dcj2k   1/1     Running             0            21s
consolportals-sa-stc-vcp-adminportal-deployment-66cd9c64f7dcj2k   0/1     Error               0            22s
consolportals-sa-stc-vcp-ccportal-deployment-7f846f446c-f4vxz     1/1     Running             2 (16s ago)   23s
consolportals-sa-stc-vcp-adminportal-deployment-66cd9c64f7dcj2k   0/1     Error               1 (2s ago)    23s
consolportals-sa-stc-vcp-ccportal-deployment-7f846f446c-f4vxz     0/1     Error               2 (17s ago)   24s
consolportals-sa-stc-vcp-adminportal-deployment-66cd9c64f7dcj2k   0/1     CrashLoopBackOff    1 (1s ago)    24s
consolportals-sa-stc-vcp-ccportal-deployment-7f846f446c-8bs4k     0/1     Error               2 (15s ago)   26s
consolportals-sa-stc-vcp-partnerportal-deployment-5ff78d9899jjb   0/1     Error               2 (16s ago)   28s
consolportals-sa-stc-vcp-httpd-deployment-7b86cc6d9-jqmt6         0/1     Error               2 (15s ago)   33s
consolportals-sa-stc-vcp-httpd-deployment-7b86cc6d9-5p2xv         1/1     Running             2 (16s ago)   34s
consolportals-sa-stc-vcp-httpd-deployment-7b86cc6d9-5p2xv         0/1     Error               2 (17s ago)   35s
consolportals-sa-stc-vcp-ccportal-deployment-7f846f446c-f4vxz     0/1     CrashLoopBackOff    2 (14s ago)   37s
consolportals-sa-stc-vcp-adminportal-deployment-66cd9c64f7dcj2k   0/1     Error               2 (15s ago)   38s
consolportals-sa-stc-vcp-partnerportal-deployment-5ff78d9899jjb   0/1     CrashLoopBackOff    2 (12s ago)   39s
consolportals-sa-stc-vcp-ccportal-deployment-7f846f446c-8bs4k     0/1     CrashLoopBackOff    2 (14s ago)   39s
consolportals-sa-stc-vcp-a3gw-deployment-6566c9455-595xp          1/1     Running             0             45s
consolportals-sa-stc-vcp-a3gw-deployment-6566c9455-595xp          0/1     Error               0             47s
consolportals-sa-stc-vcp-httpd-deployment-7b86cc6d9-jqmt6         0/1     CrashLoopBackOff    2 (15s ago)   47s
consolportals-sa-stc-vcp-httpd-deployment-7b86cc6d9-5p2xv         0/1     CrashLoopBackOff    2 (14s ago)   48s
consolportals-sa-stc-vcp-partnerportal-deployment-5ff78d98tl2mt   0/1     Error               0             48s
consolportals-sa-stc-vcp-a3gw-deployment-6566c9455-595xp          0/1     Error               1 (3s ago)    48s
consolportals-sa-stc-vcp-ccportal-deployment-7f846f446c-f4vxz     0/1     Error               3 (26s ago)   49s
consolportals-sa-stc-vcp-partnerportal-deployment-5ff78d98tl2mt   0/1     Error               1 (2s ago)    49s
consolportals-sa-stc-vcp-adminportal-deployment-66cd9c64f7dcj2k   0/1     CrashLoopBackOff    2 (12s ago)   49s
consolportals-sa-stc-vcp-a3gw-deployment-6566c9455-8999m          1/1     Running             0             50s
consolportals-sa-stc-vcp-partnerportal-deployment-5ff78d98tl2mt   0/1     CrashLoopBackOff    1 (2s ago)    50s
consolportals-sa-stc-vcp-adminportal-deployment-66cd9c64f7bhc5g   0/1     Error               0             50s
consolportals-sa-stc-vcp-adminportal-deployment-66cd9c64f7bhc5g   0/1     Error               1 (2s ago)    51s
consolportals-sa-stc-vcp-a3gw-deployment-6566c9455-8999m          0/1     Error               0             52s
consolportals-sa-stc-vcp-partnerportal-deployment-5ff78d9899jjb   0/1     Error               3 (25s ago)   52s
consolportals-sa-stc-vcp-adminportal-deployment-66cd9c64f7bhc5g   0/1     CrashLoopBackOff    1 (2s ago)    52s
consolportals-sa-stc-vcp-ccportal-deployment-7f846f446c-8bs4k     1/1     Running             3 (29s ago)   54s
consolportals-sa-stc-vcp-a3gw-deployment-6566c9455-8999m          1/1     Running             1 (4s ago)    54s
consolportals-sa-stc-vcp-a3gw-deployment-6566c9455-8999m          0/1     Error               1 (5s ago)    55s
consolportals-sa-stc-vcp-ccportal-deployment-7f846f446c-8bs4k     0/1     Error               3 (30s ago)   55s
consolportals-sa-stc-vcp-httpd-deployment-7b86cc6d9-5p2xv         0/1     Error               3 (25s ago)   59s
consolportals-sa-stc-vcp-adminportal-deployment-66cd9c64f7dcj2k   0/1     Error               3 (25s ago)   62s
consolportals-sa-stc-vcp-partnerportal-deployment-5ff78d9899jjb   0/1     CrashLoopBackOff    3 (11s ago)   62s
consolportals-sa-stc-vcp-httpd-deployment-7b86cc6d9-jqmt6         0/1     Error               3 (31s ago)   63s
consolportals-sa-stc-vcp-ccportal-deployment-7f846f446c-f4vxz     0/1     CrashLoopBackOff    3 (15s ago)   64s
consolportals-sa-stc-vcp-a3gw-deployment-6566c9455-595xp          0/1     CrashLoopBackOff    1 (17s ago)   64s
consolportals-sa-stc-vcp-a3gw-deployment-6566c9455-595xp          0/1     Error               2 (17s ago)   64s
consolportals-sa-stc-vcp-partnerportal-deployment-5ff78d98tl2mt   0/1     Error               2 (17s ago)   65s
consolportals-sa-stc-vcp-a3gw-deployment-6566c9455-8999m          0/1     CrashLoopBackOff    1 (12s ago)   65s
consolportals-sa-stc-vcp-a3gw-deployment-6566c9455-8999m          1/1     Running             2 (13s ago)   66s
consolportals-sa-stc-vcp-ccportal-deployment-7f846f446c-8bs4k     0/1     CrashLoopBackOff    3 (14s ago)   67s
consolportals-sa-stc-vcp-a3gw-deployment-6566c9455-8999m          0/1     Error               2 (14s ago)   67s
consolportals-sa-stc-vcp-adminportal-deployment-66cd9c64f7bhc5g   0/1     Error               2 (17s ago)   67s
consolportals-sa-stc-vcp-httpd-deployment-7b86cc6d9-5p2xv         0/1     CrashLoopBackOff    3 (14s ago)   73s
consolportals-sa-stc-vcp-a3gw-deployment-6566c9455-595xp          0/1     CrashLoopBackOff    2 (12s ago)   76s
consolportals-sa-stc-vcp-httpd-deployment-7b86cc6d9-jqmt6         0/1     CrashLoopBackOff    3 (14s ago)   76s
consolportals-sa-stc-vcp-adminportal-deployment-66cd9c64f7dcj2k   0/1     CrashLoopBackOff    3 (15s ago)   76s
consolportals-sa-stc-vcp-a3gw-deployment-6566c9455-8999m          0/1     CrashLoopBackOff    2 (13s ago)   79s
consolportals-sa-stc-vcp-partnerportal-deployment-5ff78d98tl2mt   0/1     CrashLoopBackOff    2 (15s ago)   80s
consolportals-sa-stc-vcp-adminportal-deployment-66cd9c64f7bhc5g   0/1     CrashLoopBackOff    2 (15s ago)   82s
^C%                                                                                                                                                                                                                         zeynepozsoy@TELENITYs-MacBook-Pro helm %
zeynepozsoy@TELENITYs-MacBook-Pro helm %
zeynepozsoy@TELENITYs-MacBook-Pro helm % kubectl get pods -n consolportals-test -w
NAME                                                              READY   STATUS             RESTARTS      AGE
consolportals-sa-stc-vcp-a3gw-deployment-6566c9455-595xp          0/1     CrashLoopBackOff   4 (30s ago)   2m54s
consolportals-sa-stc-vcp-a3gw-deployment-6566c9455-8999m          0/1     CrashLoopBackOff   4 (37s ago)   2m54s
consolportals-sa-stc-vcp-adminportal-deployment-66cd9c64f7bhc5g   0/1     CrashLoopBackOff   4 (28s ago)   2m54s
consolportals-sa-stc-vcp-adminportal-deployment-66cd9c64f7dcj2k   0/1     CrashLoopBackOff   4 (70s ago)   2m54s
consolportals-sa-stc-vcp-ccportal-deployment-7f846f446c-8bs4k     0/1     CrashLoopBackOff   4 (68s ago)   2m54s
consolportals-sa-stc-vcp-ccportal-deployment-7f846f446c-f4vxz     0/1     CrashLoopBackOff   4 (82s ago)   2m54s
consolportals-sa-stc-vcp-httpd-deployment-7b86cc6d9-5p2xv         0/1     CrashLoopBackOff   4 (74s ago)   2m54s
consolportals-sa-stc-vcp-httpd-deployment-7b86cc6d9-jqmt6         0/1     CrashLoopBackOff   4 (61s ago)   2m54s
consolportals-sa-stc-vcp-partnerportal-deployment-5ff78d9899jjb   0/1     CrashLoopBackOff   4 (74s ago)   2m54s
consolportals-sa-stc-vcp-partnerportal-deployment-5ff78d98tl2mt   0/1     CrashLoopBackOff   4 (41s ago)   2m54s
^C%                                                                                                                                                                                                                         zeynepozsoy@TELENITYs-MacBook-Pro helm %
zeynepozsoy@TELENITYs-MacBook-Pro helm % kubectl logs consolportals-sa-stc-vcp-httpd-deployment-7b86cc6d9-jqmt6 -n consolportals-test

exec /usr/local/bin/httpd-foreground: exec format error
zeynepozsoy@TELENITYs-MacBook-Pro helm % kubectl logs consolportals-sa-stc-vcp-ccportal-deployment-7f846f446c-8bs4k -n consolportals-test

exec /docker-entrypoint.sh: exec format error
zeynepozsoy@TELENITYs-MacBook-Pro helm % kubectl logs consolportals-sa-stc-vcp-a3gw-deployment-6566c9455-595xp -n consolportals-test
exec /usr/local/bin/docker-entrypoint.sh: exec format error
zeynepozsoy@TELENITYs-MacBook-Pro helm % kubectl describe pod consolportals-sa-stc-vcp-httpd-deployment-7b86cc6d9-jqmt6 -n consolportals-test
Name:             consolportals-sa-stc-vcp-httpd-deployment-7b86cc6d9-jqmt6
Namespace:        consolportals-test
Priority:         0
Service Account:  default
Node:             kub-6/10.35.36.120
Start Time:       Tue, 27 Jan 2026 04:32:01 +0300
Labels:           component=vcp-httpd
                  pod-template-hash=7b86cc6d9
Annotations:      cni.projectcalico.org/containerID: 0c87e99ba93adbe3b7457ce924ae92515ba5e29845dd1d86e83aaf79aceaf616
                  cni.projectcalico.org/podIP: 10.244.206.126/32
                  cni.projectcalico.org/podIPs: 10.244.206.126/32
Status:           Running
IP:               10.244.206.126
IPs:
  IP:           10.244.206.126
Controlled By:  ReplicaSet/consolportals-sa-stc-vcp-httpd-deployment-7b86cc6d9
Containers:
  vcp-httpd:
    Container ID:   containerd://a7385e4e18d245f39a4e7c8a4167eff8ac3c7aed20be03590e7154592aeb6570
    Image:          nexus.telenity.com/com/telenity/consolportals-sa-stc-vcp-httpd:1.0.0.1
    Image ID:       nexus.telenity.com/com/telenity/consolportals-sa-stc-vcp-httpd@sha256:1e0a6205b850909607a5d589843ab0f18b0db6cb4e0bd9c35d8bc6aa1bbac6ae
    Ports:          80/TCP, 443/TCP
    Host Ports:     0/TCP, 0/TCP
    State:          Waiting
      Reason:       CrashLoopBackOff
    Last State:     Terminated
      Reason:       Error
      Exit Code:    255
      Started:      Tue, 27 Jan 2026 04:35:22 +0300
      Finished:     Tue, 27 Jan 2026 04:35:22 +0300
    Ready:          False
    Restart Count:  5
    Environment:    <none>
    Mounts:
      /var/run/secrets/kubernetes.io/serviceaccount from kube-api-access-dv6g6 (ro)
Conditions:
  Type                        Status
  PodReadyToStartContainers   True
  Initialized                 True
  Ready                       False
  ContainersReady             False
  PodScheduled                True
Volumes:
  kube-api-access-dv6g6:
    Type:                    Projected (a volume that contains injected data from multiple sources)
    TokenExpirationSeconds:  3607
    ConfigMapName:           kube-root-ca.crt
    Optional:                false
    DownwardAPI:             true
QoS Class:                   BestEffort
Node-Selectors:              <none>
Tolerations:                 node.kubernetes.io/not-ready:NoExecute op=Exists for 300s
                             node.kubernetes.io/unreachable:NoExecute op=Exists for 300s
Events:
  Type     Reason     Age                  From               Message
  ----     ------     ----                 ----               -------
  Normal   Scheduled  4m10s                default-scheduler  Successfully assigned consolportals-test/consolportals-sa-stc-vcp-httpd-deployment-7b86cc6d9-jqmt6 to kub-6
  Normal   Pulling    4m9s                 kubelet            Pulling image "nexus.telenity.com/com/telenity/consolportals-sa-stc-vcp-httpd:1.0.0.1"
  Normal   Pulled     3m54s                kubelet            Successfully pulled image "nexus.telenity.com/com/telenity/consolportals-sa-stc-vcp-httpd:1.0.0.1" in 15.653s (15.653s including waiting). Image size: 21261340 bytes.
  Normal   Created    49s (x6 over 3m54s)  kubelet            Created container: vcp-httpd
  Normal   Started    49s (x6 over 3m54s)  kubelet            Started container vcp-httpd
  Normal   Pulled     49s (x5 over 3m53s)  kubelet            Container image "nexus.telenity.com/com/telenity/consolportals-sa-stc-vcp-httpd:1.0.0.1" already present on machine
  Warning  BackOff    9s (x19 over 3m52s)  kubelet            Back-off restarting failed container vcp-httpd in pod consolportals-sa-stc-vcp-httpd-deployment-7b86cc6d9-jqmt6_consolportals-test(dd3ed8b4-05c8-4fa0-a9ec-732d06757349)
zeynepozsoy@TELENITYs-MacBook-Pro helm %
zeynepozsoy@TELENITYs-MacBook-Pro helm % docker buildx imagetools inspect nexus.telenity.com/com/telenity/consolportals-sa-stc-vcp-httpd:1.0.0.1

Name:      nexus.telenity.com/com/telenity/consolportals-sa-stc-vcp-httpd:1.0.0.1
MediaType: application/vnd.docker.distribution.manifest.v2+json
Digest:    sha256:1e0a6205b850909607a5d589843ab0f18b0db6cb4e0bd9c35d8bc6aa1bbac6ae
zeynepozsoy@TELENITYs-MacBook-Pro helm % docker buildx imagetools inspect nexus.telenity.com/com/telenity/consolportals-sa-stc-vcp-httpd:1.0.0.1

Name:      nexus.telenity.com/com/telenity/consolportals-sa-stc-vcp-httpd:1.0.0.1
MediaType: application/vnd.docker.distribution.manifest.v2+json
Digest:    sha256:1e0a6205b850909607a5d589843ab0f18b0db6cb4e0bd9c35d8bc6aa1bbac6ae
zeynepozsoy@TELENITYs-MacBook-Pro helm % kubectl describe pod consolportals-sa-stc-vcp-adminportal-deployment-66cd9c64f7bhc5g -n consolportals-test
Name:             consolportals-sa-stc-vcp-adminportal-deployment-66cd9c64f7bhc5g
Namespace:        consolportals-test
Priority:         0
Service Account:  default
Node:             kub-3/10.35.36.137
Start Time:       Tue, 27 Jan 2026 04:32:01 +0300
Labels:           component=vcp-adminportal
                  pod-template-hash=66cd9c64f7
Annotations:      cni.projectcalico.org/containerID: b16eb2002723a30a3fa0c7e55d5cf263715e5261a6e3bd27271e36287d91fb80
                  cni.projectcalico.org/podIP: 10.244.0.239/32
                  cni.projectcalico.org/podIPs: 10.244.0.239/32
Status:           Running
IP:               10.244.0.239
IPs:
  IP:           10.244.0.239
Controlled By:  ReplicaSet/consolportals-sa-stc-vcp-adminportal-deployment-66cd9c64f7
Containers:
  vcp-adminportal:
    Container ID:   containerd://cf317f40b77e6471f16e7c652b0ee06f4671df1ed3c74b98b272dd110ab44f56
    Image:          nexus.telenity.com/com/telenity/consolportals-sa-stc-vcp-adminportal:1.0.0.1
    Image ID:       nexus.telenity.com/com/telenity/consolportals-sa-stc-vcp-adminportal@sha256:1cc962fffdec98f0fcabbd5c6fd76d7f2919f25a39926bac270a79b322d9e2f1
    Port:           8080/TCP
    Host Port:      0/TCP
    State:          Waiting
      Reason:       CrashLoopBackOff
    Last State:     Terminated
      Reason:       Error
      Exit Code:    255
      Started:      Tue, 27 Jan 2026 04:38:33 +0300
      Finished:     Tue, 27 Jan 2026 04:38:33 +0300
    Ready:          False
    Restart Count:  6
    Environment:    <none>
    Mounts:
      /var/run/secrets/kubernetes.io/serviceaccount from kube-api-access-h4m9m (ro)
Conditions:
  Type                        Status
  PodReadyToStartContainers   True
  Initialized                 True
  Ready                       False
  ContainersReady             False
  PodScheduled                True
Volumes:
  kube-api-access-h4m9m:
    Type:                    Projected (a volume that contains injected data from multiple sources)
    TokenExpirationSeconds:  3607
    ConfigMapName:           kube-root-ca.crt
    Optional:                false
    DownwardAPI:             true
QoS Class:                   BestEffort
Node-Selectors:              <none>
Tolerations:                 node.kubernetes.io/not-ready:NoExecute op=Exists for 300s
                             node.kubernetes.io/unreachable:NoExecute op=Exists for 300s
Events:
  Type     Reason     Age                  From               Message
  ----     ------     ----                 ----               -------
  Normal   Scheduled  11m                  default-scheduler  Successfully assigned consolportals-test/consolportals-sa-stc-vcp-adminportal-deployment-66cd9c64f7bhc5g to kub-3
  Normal   Pulling    11m                  kubelet            Pulling image "nexus.telenity.com/com/telenity/consolportals-sa-stc-vcp-adminportal:1.0.0.1"
  Normal   Pulled     10m                  kubelet            Successfully pulled image "nexus.telenity.com/com/telenity/consolportals-sa-stc-vcp-adminportal:1.0.0.1" in 1.86s (48.142s including waiting). Image size: 14814397 bytes.
  Normal   Created    4m55s (x7 over 10m)  kubelet            Created container: vcp-adminportal
  Normal   Started    4m55s (x7 over 10m)  kubelet            Started container vcp-adminportal
  Normal   Pulled     4m55s (x6 over 10m)  kubelet            Container image "nexus.telenity.com/com/telenity/consolportals-sa-stc-vcp-adminportal:1.0.0.1" already present on machine
  Warning  BackOff    30s (x47 over 10m)   kubelet            Back-off restarting failed container vcp-adminportal in pod consolportals-sa-stc-vcp-adminportal-deployment-66cd9c64f7bhc5g_consolportals-test(1ff6552b-8ea6-45ec-8a43-f8e784302826)
zeynepozsoy@TELENITYs-MacBook-Pro helm % docker buildx imagetools inspect nexus.telenity.com/com/telenity/consolportals-sa-stc-vcp-a3gw:1.0.0.1

Name:      nexus.telenity.com/com/telenity/consolportals-sa-stc-vcp-a3gw:1.0.0.1
MediaType: application/vnd.docker.distribution.manifest.v2+json
Digest:    sha256:92e9a86ccb540f30776131d06cb473c75d2b7c7b8ceb6522e9bfcab5bbfeda2d
zeynepozsoy@TELENITYs-MacBook-Pro helm % docker buildx imagetools inspect nexus.telenity.com/com/telenity/consolportals-sa-stc-vcp-adminportal:1.0.0.1

Name:      nexus.telenity.com/com/telenity/consolportals-sa-stc-vcp-adminportal:1.0.0.1
MediaType: application/vnd.docker.distribution.manifest.v2+json
Digest:    sha256:1cc962fffdec98f0fcabbd5c6fd76d7f2919f25a39926bac270a79b322d9e2f1
zeynepozsoy@TELENITYs-MacBook-Pro helm %
zeynepozsoy@TELENITYs-MacBook-Pro helm % docker pull nexus.telenity.com/com/telenity/consolportals-sa-stc-vcp-httpd:1.0.0.1
1.0.0.1: Pulling from com/telenity/consolportals-sa-stc-vcp-httpd
Digest: sha256:1e0a6205b850909607a5d589843ab0f18b0db6cb4e0bd9c35d8bc6aa1bbac6ae
Status: Image is up to date for nexus.telenity.com/com/telenity/consolportals-sa-stc-vcp-httpd:1.0.0.1
nexus.telenity.com/com/telenity/consolportals-sa-stc-vcp-httpd:1.0.0.1

What's next:
    View a summary of image vulnerabilities and recommendations → docker scout quickview nexus.telenity.com/com/telenity/consolportals-sa-stc-vcp-httpd:1.0.0.1
zeynepozsoy@TELENITYs-MacBook-Pro helm % docker image inspect nexus.telenity.com/com/telenity/consolportals-sa-stc-vcp-httpd:1.0.0.1 \
  --format '{{.Os}}/{{.Architecture}}'
linux/arm64

zeynepozsoy@TELENITYs-MacBook-Pro helm % docker pull --platform linux/amd64 nexus.telenity.com/com/telenity/consolportals-sa-stc-vcp-httpd:1.0.0.1

1.0.0.1: Pulling from com/telenity/consolportals-sa-stc-vcp-httpd
Digest: sha256:1e0a6205b850909607a5d589843ab0f18b0db6cb4e0bd9c35d8bc6aa1bbac6ae
Status: Image is up to date for nexus.telenity.com/com/telenity/consolportals-sa-stc-vcp-httpd:1.0.0.1
WARNING: image with reference nexus.telenity.com/com/telenity/consolportals-sa-stc-vcp-httpd:1.0.0.1 was found but its platform (linux/arm64) does not match the specified platform (linux/amd64)
nexus.telenity.com/com/telenity/consolportals-sa-stc-vcp-httpd:1.0.0.1

What's next:
    View a summary of image vulnerabilities and recommendations → docker scout quickview nexus.telenity.com/com/telenity/consolportals-sa-stc-vcp-httpd:1.0.0.1

zeynepozsoy@TELENITYs-MacBook-Pro helm % docker buildx create --name telenity-builder --use
telenity-builder
zeynepozsoy@TELENITYs-MacBook-Pro helm % docker buildx inspect --bootstrap
[+] Building 48.6s (1/1) FINISHED
 => [internal] booting buildkit                                                                                                                                                                                       48.6s
 => => pulling image moby/buildkit:buildx-stable-1                                                                                                                                                                    47.9s
 => => creating container buildx_buildkit_telenity-builder0                                                                                                                                                            0.7s
Name:          telenity-builder
Driver:        docker-container
Last Activity: 2026-01-27 01:47:40 +0000 UTC

Nodes:
Name:     telenity-builder0
Endpoint: desktop-linux
Error:    Get "http://%2FUsers%2Fzeynepozsoy%2F.docker%2Frun%2Fdocker.sock/v1.51/containers/buildx_buildkit_telenity-builder0/json": context deadline exceeded
zeynepozsoy@TELENITYs-MacBook-Pro helm %
zeynepozsoy@TELENITYs-MacBook-Pro helm % docker buildx create --name telenity-builder --use
telenity-builder
zeynepozsoy@TELENITYs-MacBook-Pro helm % docker buildx inspect --bootstrap
[+] Building 48.6s (1/1) FINISHED
 => [internal] booting buildkit                                                                                                                                                                                       48.6s
 => => pulling image moby/buildkit:buildx-stable-1                                                                                                                                                                    47.9s
 => => creating container buildx_buildkit_telenity-builder0                                                                                                                                                            0.7s
Name:          telenity-builder
Driver:        docker-container
Last Activity: 2026-01-27 01:47:40 +0000 UTC

Nodes:
Name:     telenity-builder0
Endpoint: desktop-linux
Error:    Get "http://%2FUsers%2Fzeynepozsoy%2F.docker%2Frun%2Fdocker.sock/v1.51/containers/buildx_buildkit_telenity-builder0/json": context deadline exceeded
zeynepozsoy@TELENITYs-MacBook-Pro helm % cd <path-to-httpd-dockerfile>
docker buildx build --platform linux/amd64 \
  -t nexus.telenity.com/com/telenity/consolportals-sa-stc-vcp-httpd:1.0.0.2 \
  --push .

zeynepozsoy@TELENITYs-MacBook-Pro helm %
zeynepozsoy@TELENITYs-MacBook-Pro helm % cd ..
zeynepozsoy@TELENITYs-MacBook-Pro vcp % cd ..
zeynepozsoy@TELENITYs-MacBook-Pro stc % ll
zsh: command not found: ll
zeynepozsoy@TELENITYs-MacBook-Pro stc % cd ..
zeynepozsoy@TELENITYs-MacBook-Pro stc-k8s % docker buildx build \
  --platform linux/amd64 \
  -f stc/vcp/a3gw/Dockerfile.vcp.k8slocal \
  -t nexus.telenity.com/com/telenity/consolportals-sa-stc-vcp-a3gw:1.0.0.1--amd64 \
  --push \
  .
[+] Building 3.9s (15/15) FINISHED                                                                                                                                                        docker-container:telenity-builder
 => [internal] load build definition from Dockerfile.vcp.k8slocal                                                                                                                                                      0.0s
 => => transferring dockerfile: 1.21kB                                                                                                                                                                                 0.0s
 => [internal] load metadata for docker.io/library/node:20.15.0-alpine                                                                                                                                                 2.5s
 => [auth] library/node:pull token for registry-1.docker.io                                                                                                                                                            0.0s
 => [internal] load .dockerignore                                                                                                                                                                                      0.0s
 => => transferring context: 2B                                                                                                                                                                                        0.0s
 => [internal] load build context                                                                                                                                                                                      1.4s
 => => transferring context: 2B                                                                                                                                                                                        1.4s
 => [ 1/10] FROM docker.io/library/node:20.15.0-alpine@sha256:df01469346db2bf1cfc1f7261aeab86b2960efa840fe2bd46d83ff339f463665                                                                                         1.4s
 => => resolve docker.io/library/node:20.15.0-alpine@sha256:df01469346db2bf1cfc1f7261aeab86b2960efa840fe2bd46d83ff339f463665                                                                                           0.0s
 => => sha256:b76f83d65b1b4ebbbf1dc6c3a171a2658ebb2d3b726dbfdd7b8bfd645698f5f9 451B / 451B                                                                                                                             0.4s
 => => sha256:b0691ab91e2774c9a10e06e87cd53c04d60fec055f28d158efb4768080e5beb0 1.39MB / 1.39MB                                                                                                                         0.7s
 => => sha256:ba1057ec209ef729ee564099a0340d0b78324c97778af46879c287bc13e2ebe8 3.15MB / 42.19MB                                                                                                                        1.4s
 => => sha256:ec99f8b99825a742d50fb3ce173d291378a46ab54b8ef7dd75e5654e2a296e99 3.62MB / 3.62MB                                                                                                                         1.3s
 => => extracting sha256:ec99f8b99825a742d50fb3ce173d291378a46ab54b8ef7dd75e5654e2a296e99                                                                                                                              0.1s
 => CANCELED [ 2/10] WORKDIR /space/a3gw                                                                                                                                                                               0.0s
 => CACHED [ 3/10] COPY package*.json ./                                                                                                                                                                               0.0s
 => CACHED [ 4/10] RUN npm install                                                                                                                                                                                     0.0s
 => CACHED [ 5/10] RUN npm install -g pm2                                                                                                                                                                              0.0s
 => ERROR [ 6/10] COPY ./src ./src                                                                                                                                                                                     0.0s
 => ERROR [ 7/10] COPY ./vcp/ecosystem.config.js ./ecosystem.config.js                                                                                                                                                 0.0s
 => ERROR [ 8/10] COPY ./vcp/conf.k8s ./src/conf                                                                                                                                                                       0.0s
 => CACHED [ 9/10] RUN mkdir -p ./static                                                                                                                                                                               0.0s
 => ERROR [10/10] COPY ./vcp/static.prod ./static                                                                                                                                                                      0.0s
------
 > [ 6/10] COPY ./src ./src:
------
------
 > [ 7/10] COPY ./vcp/ecosystem.config.js ./ecosystem.config.js:
------
------
 > [ 8/10] COPY ./vcp/conf.k8s ./src/conf:
------
------
 > [10/10] COPY ./vcp/static.prod ./static:
------
Dockerfile.vcp.k8slocal:40
--------------------
  38 |     # Create static directory and copy static files
  39 |     RUN mkdir -p ./static
  40 | >>> COPY ./vcp/static.prod ./static
  41 |
  42 |     # Expose application ports
--------------------
ERROR: failed to build: failed to solve: failed to compute cache key: failed to calculate checksum of ref y9u11jru1psynhtof0y2eddmn::y6ariskjpws8wp2y0amvsgn3j: "/vcp/static.prod": not found

View build details: docker-desktop://dashboard/build/telenity-builder/telenity-builder0/juqvtivo5mvzwwf1pfgktkd8e
zeynepozsoy@TELENITYs-MacBook-Pro stc-k8s % cd stc/vcp/a3gw
zeynepozsoy@TELENITYs-MacBook-Pro a3gw % ls -ltra
total 352
-rw-r--r--   1 zeynepozsoy  staff     219 Apr 25  2025 .gitignore
-rw-r--r--   1 zeynepozsoy  staff   13071 Apr 25  2025 README.md
-rw-r--r--   1 zeynepozsoy  staff  132459 Apr 25  2025 package-lock.json
-rw-r--r--   1 zeynepozsoy  staff    2516 Apr 25  2025 package.json
drwxr-xr-x   9 zeynepozsoy  staff     288 Jun 14  2025 src
drwxr-xr-x   8 zeynepozsoy  staff     256 Jun 19  2025 vcp
-rw-r--r--   1 zeynepozsoy  staff     684 Jun 22  2025 Dockerfile.vcp.dev
-rw-r--r--   1 zeynepozsoy  staff    1158 Jun 22  2025 Dockerfile.vcp.k8slocal
-rw-r--r--   1 zeynepozsoy  staff     742 Jun 22  2025 Dockerfile.vcp.prod
drwxr-xr-x  17 zeynepozsoy  staff     544 Jan 20 11:20 ..
drwxr-xr-x  12 zeynepozsoy  staff     384 Jan 26 22:13 .
-rw-r--r--@  1 zeynepozsoy  staff    6148 Jan 26 22:13 .DS_Store
zeynepozsoy@TELENITYs-MacBook-Pro a3gw % docker buildx build \
  --platform linux/amd64 \
  -f Dockerfile.vcp.k8slocal \
  -t nexus.telenity.com/com/telenity/consolportals-sa-stc-vcp-a3gw:1.0.0.1--amd64 \
  --push \
  .
[+] Building 35.9s (15/15) FINISHED                                                                                                                                                       docker-container:telenity-builder
 => [internal] load build definition from Dockerfile.vcp.k8slocal                                                                                                                                                      0.0s
 => => transferring dockerfile: 1.21kB                                                                                                                                                                                 0.0s
 => [internal] load metadata for docker.io/library/node:20.15.0-alpine                                                                                                                                                 0.7s
 => [internal] load .dockerignore                                                                                                                                                                                      0.0s
 => => transferring context: 2B                                                                                                                                                                                        0.0s
 => [ 1/10] FROM docker.io/library/node:20.15.0-alpine@sha256:df01469346db2bf1cfc1f7261aeab86b2960efa840fe2bd46d83ff339f463665                                                                                         5.7s
 => => resolve docker.io/library/node:20.15.0-alpine@sha256:df01469346db2bf1cfc1f7261aeab86b2960efa840fe2bd46d83ff339f463665                                                                                           0.0s
 => => extracting sha256:ec99f8b99825a742d50fb3ce173d291378a46ab54b8ef7dd75e5654e2a296e99                                                                                                                              0.1s
 => => sha256:ba1057ec209ef729ee564099a0340d0b78324c97778af46879c287bc13e2ebe8 42.19MB / 42.19MB                                                                                                                       3.9s
 => => extracting sha256:ba1057ec209ef729ee564099a0340d0b78324c97778af46879c287bc13e2ebe8                                                                                                                              1.7s
 => => extracting sha256:b0691ab91e2774c9a10e06e87cd53c04d60fec055f28d158efb4768080e5beb0                                                                                                                              0.0s
 => => extracting sha256:b76f83d65b1b4ebbbf1dc6c3a171a2658ebb2d3b726dbfdd7b8bfd645698f5f9                                                                                                                              0.0s
 => [internal] load build context                                                                                                                                                                                      0.0s
 => => transferring context: 745.88kB                                                                                                                                                                                  0.0s
 => [ 2/10] WORKDIR /space/a3gw                                                                                                                                                                                        0.1s
 => [ 3/10] COPY package*.json ./                                                                                                                                                                                      0.0s
 => [ 4/10] RUN npm install                                                                                                                                                                                           17.9s
 => [ 5/10] RUN npm install -g pm2                                                                                                                                                                                     8.8s
 => [ 6/10] COPY ./src ./src                                                                                                                                                                                           0.0s
 => [ 7/10] COPY ./vcp/ecosystem.config.js ./ecosystem.config.js                                                                                                                                                       0.0s
 => [ 8/10] COPY ./vcp/conf.k8s ./src/conf                                                                                                                                                                             0.0s
 => [ 9/10] RUN mkdir -p ./static                                                                                                                                                                                      0.1s
 => [10/10] COPY ./vcp/static.prod ./static                                                                                                                                                                            0.0s
 => ERROR exporting to image                                                                                                                                                                                           2.4s
 => => exporting layers                                                                                                                                                                                                2.3s
 => => exporting manifest sha256:44568e9ed134609738ea03476588003398780d4d1824903e402edc13b6b9f653                                                                                                                      0.0s
 => => exporting config sha256:f13eef9f0c6e3449ce78c3957f668d727f62df81b2ad8187cc8c1de16eb37213                                                                                                                        0.0s
 => => exporting attestation manifest sha256:6e52a631c97ed282ca0f883d702736ec3bddd5f4dd8c2c4e272d8d7aa9e21943                                                                                                          0.0s
 => => exporting manifest list sha256:e7cbc99000a5c27ee73441009952d4a0d1c62068615ee593b212dea2fcd97c25                                                                                                                 0.0s
 => => pushing layers                                                                                                                                                                                                  0.1s
------
 > exporting to image:
------
ERROR: failed to build: failed to solve: failed to push nexus.telenity.com/com/telenity/consolportals-sa-stc-vcp-a3gw:1.0.0.1--amd64: failed to do request: Head "https://nexus.telenity.com/v2/com/telenity/consolportals-sa-stc-vcp-a3gw/blobs/sha256:39825bb779a4941d4828c670616e3ad507e3ec0c39ac3eba76a03c04ce83ff74": dial tcp: lookup nexus.telenity.com on 192.168.65.7:53: no such host

View build details: docker-desktop://dashboard/build/telenity-builder/telenity-builder0/x64pzvtjdu9gf1q5nkasqwq71
zeynepozsoy@TELENITYs-MacBook-Pro a3gw % docker buildx build \
  --platform linux/amd64 \
  -f Dockerfile.vcp.k8slocal \
  -t nexus.telenity.com/com/telenity/consolportals-sa-stc-vcp-a3gw:1.0.0.1--amd64 \
  --push \
  .
[+] Building 87.1s (15/15) FINISHED                                                                                                                                                       docker-container:telenity-builder
 => [internal] load build definition from Dockerfile.vcp.k8slocal                                                                                                                                                      0.0s
 => => transferring dockerfile: 1.21kB                                                                                                                                                                                 0.0s
 => [internal] load metadata for docker.io/library/node:20.15.0-alpine                                                                                                                                                 1.2s
 => [internal] load .dockerignore                                                                                                                                                                                      0.0s
 => => transferring context: 2B                                                                                                                                                                                        0.0s
 => [ 1/10] FROM docker.io/library/node:20.15.0-alpine@sha256:df01469346db2bf1cfc1f7261aeab86b2960efa840fe2bd46d83ff339f463665                                                                                         0.0s
 => => resolve docker.io/library/node:20.15.0-alpine@sha256:df01469346db2bf1cfc1f7261aeab86b2960efa840fe2bd46d83ff339f463665                                                                                           0.0s
 => [internal] load build context                                                                                                                                                                                      0.0s
 => => transferring context: 2.76kB                                                                                                                                                                                    0.0s
 => CACHED [ 2/10] WORKDIR /space/a3gw                                                                                                                                                                                 0.0s
 => CACHED [ 3/10] COPY package*.json ./                                                                                                                                                                               0.0s
 => CACHED [ 4/10] RUN npm install                                                                                                                                                                                     0.0s
 => CACHED [ 5/10] RUN npm install -g pm2                                                                                                                                                                              0.0s
 => CACHED [ 6/10] COPY ./src ./src                                                                                                                                                                                    0.0s
 => CACHED [ 7/10] COPY ./vcp/ecosystem.config.js ./ecosystem.config.js                                                                                                                                                0.0s
 => CACHED [ 8/10] COPY ./vcp/conf.k8s ./src/conf                                                                                                                                                                      0.0s
 => CACHED [ 9/10] RUN mkdir -p ./static                                                                                                                                                                               0.0s
 => CACHED [10/10] COPY ./vcp/static.prod ./static                                                                                                                                                                     0.0s
 => exporting to image                                                                                                                                                                                                85.8s
 => => exporting layers                                                                                                                                                                                                0.0s
 => => exporting manifest sha256:44568e9ed134609738ea03476588003398780d4d1824903e402edc13b6b9f653                                                                                                                      0.0s
 => => exporting config sha256:f13eef9f0c6e3449ce78c3957f668d727f62df81b2ad8187cc8c1de16eb37213                                                                                                                        0.0s
 => => exporting attestation manifest sha256:1e137d47c230808383a6db7b6a0e9f886380298fb69867a8217fdf25e76e8038                                                                                                          0.0s
 => => exporting manifest list sha256:d7efafbe94f82d59aaf3112e77c70acebbbfcdef32ad22a0cebd9e9a37cfe020                                                                                                                 0.0s
 => => pushing layers                                                                                                                                                                                                 84.4s
 => => pushing manifest for nexus.telenity.com/com/telenity/consolportals-sa-stc-vcp-a3gw:1.0.0.1--amd64@sha256:d7efafbe94f82d59aaf3112e77c70acebbbfcdef32ad22a0cebd9e9a37cfe020                                       1.4s

View build details: docker-desktop://dashboard/build/telenity-builder/telenity-builder0/clg5k1vvv7fd5llyy505z88m4
zeynepozsoy@TELENITYs-MacBook-Pro a3gw % pwd
/Users/zeynepozsoy/WebstormProjects/stc-k8s/stc/vcp/a3gw
zeynepozsoy@TELENITYs-MacBook-Pro a3gw % cd ..
zeynepozsoy@TELENITYs-MacBook-Pro vcp % cd httpd/
zeynepozsoy@TELENITYs-MacBook-Pro httpd % ls -ltra
total 24
drwxr-xr-x   8 zeynepozsoy  staff  256 Jun 22  2025 vcp
-rw-r--r--   1 zeynepozsoy  staff  396 Jun 22  2025 Dockerfile.vcp.k8slocal
-rw-r--r--   1 zeynepozsoy  staff  495 Jun 23  2025 Dockerfile.vcp.dev
-rw-r--r--   1 zeynepozsoy  staff  500 Jun 23  2025 Dockerfile.vcp.prod
drwxr-xr-x   6 zeynepozsoy  staff  192 Jun 23  2025 .
drwxr-xr-x  17 zeynepozsoy  staff  544 Jan 20 11:20 ..
zeynepozsoy@TELENITYs-MacBook-Pro httpd % pwd
/Users/zeynepozsoy/WebstormProjects/stc-k8s/stc/vcp/httpd
zeynepozsoy@TELENITYs-MacBook-Pro httpd % docker buildx build \
  --platform linux/amd64 \
  -f Dockerfile.vcp.k8slocal \
  -t nexus.telenity.com/com/telenity/consolportals-sa-stc-vcp-httpd:1.0.0.1-amd64 \
  --push \
  .
[+] Building 26.5s (12/12) FINISHED                                                                                                                                                       docker-container:telenity-builder
 => [internal] load build definition from Dockerfile.vcp.k8slocal                                                                                                                                                      0.0s
 => => transferring dockerfile: 448B                                                                                                                                                                                   0.0s
 => [internal] load metadata for docker.io/library/httpd:alpine                                                                                                                                                        2.5s
 => [auth] library/httpd:pull token for registry-1.docker.io                                                                                                                                                           0.0s
 => [internal] load .dockerignore                                                                                                                                                                                      0.0s
 => => transferring context: 2B                                                                                                                                                                                        0.0s
 => [1/6] FROM docker.io/library/httpd:alpine@sha256:6b7535d8a33c42b0f0f48ff0067765d518503e465b1bf6b1629230b62a466a87                                                                                                  2.8s
 => => resolve docker.io/library/httpd:alpine@sha256:6b7535d8a33c42b0f0f48ff0067765d518503e465b1bf6b1629230b62a466a87                                                                                                  0.0s
 => => sha256:988cd7d09a3138a7a8d7255b92715d0421d88637e8ae43757f6c6fae3a5c9a10 284B / 284B                                                                                                                             0.4s
 => => sha256:e626d5c4ed2cb002334e2fa739cea5ebcc1ac9541a1ace441108e9814bf97cc5 5.90MB / 5.90MB                                                                                                                         1.2s
 => => sha256:0c51c0b07eaefbed47a1d88d9b290eb9759a6502fce28975ef723a6734e4d271 11.06MB / 11.06MB                                                                                                                       2.3s
 => => sha256:4f4fb700ef54461cfa02571ae0db9a0dc1e0cdb5577484a6d75e68dc38e8acc1 32B / 32B                                                                                                                               0.9s
 => => sha256:0c4ffdba1e9e29f63e728c402fbf6888be9de3e71f47766d914a5847503822aa 146B / 146B                                                                                                                             0.6s
 => => sha256:0bd765d2a2cb807ebdcb200a3c546108272a20ada7dd1bbd1e2bc26164e6ccb8 930B / 930B                                                                                                                             0.6s
 => => sha256:1074353eec0db2c1d81d5af2671e56e00cf5738486f5762609ea33d606f88612 3.86MB / 3.86MB                                                                                                                         1.4s
 => => extracting sha256:1074353eec0db2c1d81d5af2671e56e00cf5738486f5762609ea33d606f88612                                                                                                                              0.1s
 => => extracting sha256:0bd765d2a2cb807ebdcb200a3c546108272a20ada7dd1bbd1e2bc26164e6ccb8                                                                                                                              0.0s
 => => extracting sha256:0c4ffdba1e9e29f63e728c402fbf6888be9de3e71f47766d914a5847503822aa                                                                                                                              0.0s
 => => extracting sha256:4f4fb700ef54461cfa02571ae0db9a0dc1e0cdb5577484a6d75e68dc38e8acc1                                                                                                                              0.0s
 => => extracting sha256:0c51c0b07eaefbed47a1d88d9b290eb9759a6502fce28975ef723a6734e4d271                                                                                                                              0.3s
 => => extracting sha256:e626d5c4ed2cb002334e2fa739cea5ebcc1ac9541a1ace441108e9814bf97cc5                                                                                                                              0.1s
 => => extracting sha256:988cd7d09a3138a7a8d7255b92715d0421d88637e8ae43757f6c6fae3a5c9a10                                                                                                                              0.0s
 => [internal] load build context                                                                                                                                                                                      0.0s
 => => transferring context: 77.12kB                                                                                                                                                                                   0.0s
 => [2/6] RUN mkdir -p /usr/local/apache2/conf.d                                                                                                                                                                       0.1s
 => [3/6] COPY ./vcp/conf.d.k8s /usr/local/apache2/conf.d                                                                                                                                                              0.0s
 => [4/6] COPY ./vcp/conf/httpd.conf /usr/local/apache2/conf/httpd.conf                                                                                                                                                0.0s
 => [5/6] COPY ./vcp/openssl.prod/server.crt /usr/local/apache2/conf/server.crt                                                                                                                                        0.0s
 => [6/6] COPY ./vcp/openssl.prod/server.key /usr/local/apache2/conf/server.key                                                                                                                                        0.0s
 => exporting to image                                                                                                                                                                                                20.8s
 => => exporting layers                                                                                                                                                                                                0.1s
 => => exporting manifest sha256:2e96b75fca0802412c5aa812cb74187f76e5a22c2c76d4e6ba8ccd79d3321339                                                                                                                      0.0s
 => => exporting config sha256:df42991a6417788e4ead2bb693a7618d7c9c7e76ca06b426b3fb53603c0aa033                                                                                                                        0.0s
 => => exporting attestation manifest sha256:e1f04943ea29f0e25807e873bdf99d5fb86dfe8e3a26a216c24f4fabd4bee430                                                                                                          0.0s
 => => exporting manifest list sha256:fb4ad10caa3adf7650b2a891830fdce9e648b70e17141c28a649d7d9ccf92add                                                                                                                 0.0s
 => => pushing layers                                                                                                                                                                                                 19.4s
 => => pushing manifest for nexus.telenity.com/com/telenity/consolportals-sa-stc-vcp-httpd:1.0.0.1-amd64@sha256:fb4ad10caa3adf7650b2a891830fdce9e648b70e17141c28a649d7d9ccf92add                                       1.4s

View build details: docker-desktop://dashboard/build/telenity-builder/telenity-builder0/gexgy1phy5zvcvbdcgz0mnrbx
zeynepozsoy@TELENITYs-MacBook-Pro httpd % cd ../adminportal
cd: no such file or directory: ../adminportal
zeynepozsoy@TELENITYs-MacBook-Pro httpd % cd ../vcp-adminportal
zeynepozsoy@TELENITYs-MacBook-Pro vcp-adminportal % pwd
/Users/zeynepozsoy/WebstormProjects/stc-k8s/stc/vcp/vcp-adminportal
zeynepozsoy@TELENITYs-MacBook-Pro vcp-adminportal % docker buildx build \
  --platform linux/amd64 \
  -f Dockerfile.prod \
  -t nexus.telenity.com/com/telenity/consolportals-sa-stc-vcp-adminportal:1.0.0.1-amd64 \
  --push \
  .
[+] Building 226.7s (29/29) FINISHED                                                                                                                                                      docker-container:telenity-builder
 => [internal] load build definition from Dockerfile.prod                                                                                                                                                              0.0s
 => => transferring dockerfile: 1.06kB                                                                                                                                                                                 0.0s
 => WARN: FromAsCasing: 'as' and 'FROM' keywords' casing do not match (line 2)                                                                                                                                         0.0s
 => [internal] load metadata for docker.io/library/nginx:1.21-alpine                                                                                                                                                   2.1s
 => [internal] load metadata for docker.io/library/node:10-alpine                                                                                                                                                      2.0s
 => [auth] library/node:pull token for registry-1.docker.io                                                                                                                                                            0.0s
 => [auth] library/nginx:pull token for registry-1.docker.io                                                                                                                                                           0.0s
 => [internal] load .dockerignore                                                                                                                                                                                      0.0s
 => => transferring context: 2B                                                                                                                                                                                        0.0s
 => [builder  1/14] FROM docker.io/library/node:10-alpine@sha256:dc98dac24efd4254f75976c40bce46944697a110d06ce7fa47e7268470cf2e28                                                                                      4.9s
 => => resolve docker.io/library/node:10-alpine@sha256:dc98dac24efd4254f75976c40bce46944697a110d06ce7fa47e7268470cf2e28                                                                                                0.0s
 => => sha256:7150aa69525b95f82b3df6a61a002f82382b2f3ea8ce51b9000b965f7476a5cc 2.35MB / 2.35MB                                                                                                                         0.6s
 => => sha256:d7aa47be044e5a988e3e7f204e2e28cb9f070daa32ed081072ad6d5bf6c085d1 280B / 280B                                                                                                                             0.4s
 => => sha256:de915e575d22c7e33c83fddaf7aee0672e5d6a67e598a26fe0b30c7022f53cdd 22.21MB / 22.21MB                                                                                                                       3.4s
 => => sha256:ddad3d7c1e96adf9153f8921a7c9790f880a390163df453be1566e9ef0d546e0 2.82MB / 2.82MB                                                                                                                         1.4s
 => => extracting sha256:ddad3d7c1e96adf9153f8921a7c9790f880a390163df453be1566e9ef0d546e0                                                                                                                              0.1s
 => => extracting sha256:de915e575d22c7e33c83fddaf7aee0672e5d6a67e598a26fe0b30c7022f53cdd                                                                                                                              1.3s
 => => extracting sha256:7150aa69525b95f82b3df6a61a002f82382b2f3ea8ce51b9000b965f7476a5cc                                                                                                                              0.1s
 => => extracting sha256:d7aa47be044e5a988e3e7f204e2e28cb9f070daa32ed081072ad6d5bf6c085d1                                                                                                                              0.0s
 => [internal] load build context                                                                                                                                                                                      0.3s
 => => transferring context: 11.92MB                                                                                                                                                                                   0.3s
 => [stage-1 1/7] FROM docker.io/library/nginx:1.21-alpine@sha256:a74534e76ee1121d418fa7394ca930eb67440deda413848bc67c68138535b989                                                                                     4.1s
 => => resolve docker.io/library/nginx:1.21-alpine@sha256:a74534e76ee1121d418fa7394ca930eb67440deda413848bc67c68138535b989                                                                                             0.0s
 => => sha256:9da77f8e409edbb2c42db3d6a70f31754ac6e35c9ae981555b9f42ea42008a80 1.39kB / 1.39kB                                                                                                                         0.5s
 => => sha256:32261d4e220f3a41084ad35886169f9d753ffca4f8824ad934a43b1cddbad86c 664B / 664B                                                                                                                             0.6s
 => => sha256:06f5cb628050fa03f0928769c767bba57656e84312961cc39fbff63ae48c2f3e 893B / 893B                                                                                                                             0.5s
 => => sha256:e00351ea626cd356c69e58d33181233b47a904d3b6ee508948d6cc221d7b9cfa 603B / 603B                                                                                                                             0.6s
 => => sha256:a285f0f83eed13cf71ccb560c31dd31b5eb7be0cadb4f43319d6de59aa4e3c70 7.34MB / 7.34MB                                                                                                                         2.2s
 => => sha256:df9b9388f04ad6279a7410b85cedfdcb2208c0a003da7ab5613af71079148139 2.81MB / 2.81MB                                                                                                                         1.0s
 => => extracting sha256:df9b9388f04ad6279a7410b85cedfdcb2208c0a003da7ab5613af71079148139                                                                                                                              0.1s
 => => extracting sha256:a285f0f83eed13cf71ccb560c31dd31b5eb7be0cadb4f43319d6de59aa4e3c70                                                                                                                              0.4s
 => => extracting sha256:e00351ea626cd356c69e58d33181233b47a904d3b6ee508948d6cc221d7b9cfa                                                                                                                              0.0s
 => => extracting sha256:06f5cb628050fa03f0928769c767bba57656e84312961cc39fbff63ae48c2f3e                                                                                                                              0.0s
 => => extracting sha256:32261d4e220f3a41084ad35886169f9d753ffca4f8824ad934a43b1cddbad86c                                                                                                                              0.0s
 => => extracting sha256:9da77f8e409edbb2c42db3d6a70f31754ac6e35c9ae981555b9f42ea42008a80                                                                                                                              0.0s
 => [stage-1 2/7] COPY ./nginx/default.conf /etc/nginx/conf.d/default.conf                                                                                                                                             0.1s
 => [stage-1 3/7] RUN rm -rf /usr/share/nginx/html/vcp-adminportal-*.tar.gz                                                                                                                                            0.1s
 => [builder  2/14] WORKDIR /space/app                                                                                                                                                                                 0.0s
 => [builder  3/14] COPY ./package.json ./                                                                                                                                                                             0.0s
 => [builder  4/14] COPY ./bower.json ./                                                                                                                                                                               0.0s
 => [builder  5/14] COPY ./npm-shrinkwrap.original.json ./npm-shrinkwrap.json                                                                                                                                          0.0s
 => [builder  6/14] RUN npm shrinkwrap                                                                                                                                                                                 2.2s
 => [builder  7/14] RUN npm install                                                                                                                                                                                   69.1s
 => [builder  8/14] RUN npm install -g gulp@3.9.1 bower@1.8.14                                                                                                                                                        26.7s
 => [builder  9/14] RUN apk add --no-cache git                                                                                                                                                                         2.2s
 => [builder 10/14] RUN bower --allow-root install                                                                                                                                                                    21.1s
 => [builder 11/14] COPY ./i18n ./i18n                                                                                                                                                                                 0.1s
 => [builder 12/14] COPY ./src ./src                                                                                                                                                                                   0.1s
 => [builder 13/14] COPY ./gulpfile.js ./                                                                                                                                                                              0.0s
 => [builder 14/14] RUN gulp                                                                                                                                                                                          79.7s
 => [stage-1 4/7] COPY --from=builder /space/app/vcp-adminportal-*.tar.gz /usr/share/nginx/html/                                                                                                                       0.1s
 => [stage-1 5/7] RUN mkdir -p /usr/share/nginx/html/adminportal                                                                                                                                                       0.1s
 => [stage-1 6/7] RUN tar -xvzf /usr/share/nginx/html/vcp-adminportal-*.tar.gz -C /usr/share/nginx/html/adminportal                                                                                                    0.2s
 => [stage-1 7/7] RUN rm -rf /usr/share/nginx/html/vcp-adminportal-*.tar.gz                                                                                                                                            0.1s
 => exporting to image                                                                                                                                                                                                16.8s
 => => exporting layers                                                                                                                                                                                                0.2s
 => => exporting manifest sha256:5048c5e862628131d7cf18d321a07655673f2c5453b383a6f7eb2dce80ddd891                                                                                                                      0.0s
 => => exporting config sha256:7a06031e41da7856834698e4a30e748498e20a8908722a7ad96cbd73ac08d658                                                                                                                        0.0s
 => => exporting attestation manifest sha256:51e85ee7754e39deaad2a396026536863c922d6e2c393b2e4d87f4e0459d3ee6                                                                                                          0.0s
 => => exporting manifest list sha256:94d07b58c6661bf9a82d24d90fd7479b9092984a8970b04b47ee1eb993bb05a6                                                                                                                 0.0s
 => => pushing layers                                                                                                                                                                                                 15.3s
 => => pushing manifest for nexus.telenity.com/com/telenity/consolportals-sa-stc-vcp-adminportal:1.0.0.1-amd64@sha256:94d07b58c6661bf9a82d24d90fd7479b9092984a8970b04b47ee1eb993bb05a6                                 1.3s

 1 warning found (use docker --debug to expand):
 - FromAsCasing: 'as' and 'FROM' keywords' casing do not match (line 2)

View build details: docker-desktop://dashboard/build/telenity-builder/telenity-builder0/374t2oewnaz92suepoeca9iue
zeynepozsoy@TELENITYs-MacBook-Pro vcp-adminportal % cd ..
zeynepozsoy@TELENITYs-MacBook-Pro vcp % cd vcp-ccportal/
zeynepozsoy@TELENITYs-MacBook-Pro vcp-ccportal % docker buildx build \
  --platform linux/amd64 \
  -f Dockerfile.prod \
  -t nexus.telenity.com/com/telenity/consolportals-sa-stc-vcp-ccportal:1.0.0.1-amd64 \
  --push \
  .
[+] Building 151.1s (29/29) FINISHED                                                                                                                                                      docker-container:telenity-builder
 => [internal] load build definition from Dockerfile.prod                                                                                                                                                              0.0s
 => => transferring dockerfile: 1.04kB                                                                                                                                                                                 0.0s
 => WARN: FromAsCasing: 'as' and 'FROM' keywords' casing do not match (line 2)                                                                                                                                         0.0s
 => [internal] load metadata for docker.io/library/nginx:1.21-alpine                                                                                                                                                   1.2s
 => [internal] load metadata for docker.io/library/node:10-alpine                                                                                                                                                      1.2s
 => [auth] library/node:pull token for registry-1.docker.io                                                                                                                                                            0.0s
 => [auth] library/nginx:pull token for registry-1.docker.io                                                                                                                                                           0.0s
 => [internal] load .dockerignore                                                                                                                                                                                      0.0s
 => => transferring context: 2B                                                                                                                                                                                        0.0s
 => CACHED [stage-1 1/7] FROM docker.io/library/nginx:1.21-alpine@sha256:a74534e76ee1121d418fa7394ca930eb67440deda413848bc67c68138535b989                                                                              0.0s
 => => resolve docker.io/library/nginx:1.21-alpine@sha256:a74534e76ee1121d418fa7394ca930eb67440deda413848bc67c68138535b989                                                                                             0.0s
 => [builder  1/14] FROM docker.io/library/node:10-alpine@sha256:dc98dac24efd4254f75976c40bce46944697a110d06ce7fa47e7268470cf2e28                                                                                      0.0s
 => => resolve docker.io/library/node:10-alpine@sha256:dc98dac24efd4254f75976c40bce46944697a110d06ce7fa47e7268470cf2e28                                                                                                0.0s
 => [internal] load build context                                                                                                                                                                                      0.1s
 => => transferring context: 2.66MB                                                                                                                                                                                    0.1s
 => CACHED [builder  2/14] WORKDIR /space/app                                                                                                                                                                          0.0s
 => [builder  3/14] COPY ./package.json ./                                                                                                                                                                             0.0s
 => [stage-1 2/7] COPY ./nginx/default.conf /etc/nginx/conf.d/default.conf                                                                                                                                             0.0s
 => [stage-1 3/7] RUN rm -rf /usr/share/nginx/html/vcp-ccportal-*.tar.gz                                                                                                                                               0.1s
 => [builder  4/14] COPY ./bower.json ./                                                                                                                                                                               0.0s
 => [builder  5/14] COPY ./npm-shrinkwrap.original.json ./npm-shrinkwrap.json                                                                                                                                          0.0s
 => [builder  6/14] RUN npm shrinkwrap                                                                                                                                                                                 2.0s
 => [builder  7/14] RUN npm install                                                                                                                                                                                   55.2s
 => [builder  8/14] RUN npm install -g gulp@3.9.1 bower@1.8.14                                                                                                                                                        26.3s
 => [builder  9/14] RUN apk add --no-cache git                                                                                                                                                                         2.1s
 => [builder 10/14] RUN bower --allow-root install                                                                                                                                                                    14.9s
 => [builder 11/14] COPY ./i18n ./i18n                                                                                                                                                                                 0.1s
 => [builder 12/14] COPY ./src ./src                                                                                                                                                                                   0.1s
 => [builder 13/14] COPY ./gulpfile.js ./                                                                                                                                                                              0.0s
 => [builder 14/14] RUN gulp                                                                                                                                                                                          42.3s
 => [stage-1 4/7] COPY --from=builder /space/app/vcp-ccportal-*.tar.gz /usr/share/nginx/html/                                                                                                                          0.1s
 => [stage-1 5/7] RUN mkdir -p /usr/share/nginx/html/ccportal                                                                                                                                                          0.1s
 => [stage-1 6/7] RUN tar -xvzf /usr/share/nginx/html/vcp-ccportal-*.tar.gz -C /usr/share/nginx/html/ccportal                                                                                                          0.1s
 => [stage-1 7/7] RUN rm -rf /usr/share/nginx/html/vcp-ccportal-*.tar.gz                                                                                                                                               0.1s
 => exporting to image                                                                                                                                                                                                 5.3s
 => => exporting layers                                                                                                                                                                                                0.1s
 => => exporting manifest sha256:cd80bb04bd8f2bb83261d785edeac97c3a506a26513228b8b604f6fca4b8d019                                                                                                                      0.0s
 => => exporting config sha256:d57869aad8fa97988006a8bf64cc81a0365810f8eaf9e2fb2fa4bd57147977b2                                                                                                                        0.0s
 => => exporting attestation manifest sha256:8b8382dca35202229528668a551ab0dbfcdd15d5a15f3eb42792ce62635528c5                                                                                                          0.0s
 => => exporting manifest list sha256:c0f38828c73bd200d681d958d527176088112bebba84dc19bf17036ccf858b0d                                                                                                                 0.0s
 => => pushing layers                                                                                                                                                                                                  4.1s
 => => pushing manifest for nexus.telenity.com/com/telenity/consolportals-sa-stc-vcp-ccportal:1.0.0.1-amd64@sha256:c0f38828c73bd200d681d958d527176088112bebba84dc19bf17036ccf858b0d                                    1.1s

 1 warning found (use docker --debug to expand):
 - FromAsCasing: 'as' and 'FROM' keywords' casing do not match (line 2)

View build details: docker-desktop://dashboard/build/telenity-builder/telenity-builder0/542f4wcelzb8162ulpgfnp4oz
zeynepozsoy@TELENITYs-MacBook-Pro vcp-ccportal % cd ..
zeynepozsoy@TELENITYs-MacBook-Pro vcp % cd vcp-partnerportal
zeynepozsoy@TELENITYs-MacBook-Pro vcp-partnerportal % docker buildx build \
  --platform linux/amd64 \
  -f Dockerfile.prod \
  -t nexus.telenity.com/com/telenity/consolportals-sa-stc-vcp-partnerportal:1.0.0.1-amd64 \
  --push \
  .
[+] Building 143.9s (29/29) FINISHED                                                                                                                                                      docker-container:telenity-builder
 => [internal] load build definition from Dockerfile.prod                                                                                                                                                              0.0s
 => => transferring dockerfile: 1.08kB                                                                                                                                                                                 0.0s
 => WARN: FromAsCasing: 'as' and 'FROM' keywords' casing do not match (line 2)                                                                                                                                         0.0s
 => [internal] load metadata for docker.io/library/node:10-alpine                                                                                                                                                      1.2s
 => [internal] load metadata for docker.io/library/nginx:1.21-alpine                                                                                                                                                   1.2s
 => [auth] library/node:pull token for registry-1.docker.io                                                                                                                                                            0.0s
 => [auth] library/nginx:pull token for registry-1.docker.io                                                                                                                                                           0.0s
 => [internal] load .dockerignore                                                                                                                                                                                      0.0s
 => => transferring context: 2B                                                                                                                                                                                        0.0s
 => [builder  1/14] FROM docker.io/library/node:10-alpine@sha256:dc98dac24efd4254f75976c40bce46944697a110d06ce7fa47e7268470cf2e28                                                                                      0.0s
 => => resolve docker.io/library/node:10-alpine@sha256:dc98dac24efd4254f75976c40bce46944697a110d06ce7fa47e7268470cf2e28                                                                                                0.0s
 => [internal] load build context                                                                                                                                                                                      0.1s
 => => transferring context: 2.55MB                                                                                                                                                                                    0.1s
 => CACHED [stage-1 1/7] FROM docker.io/library/nginx:1.21-alpine@sha256:a74534e76ee1121d418fa7394ca930eb67440deda413848bc67c68138535b989                                                                              0.0s
 => => resolve docker.io/library/nginx:1.21-alpine@sha256:a74534e76ee1121d418fa7394ca930eb67440deda413848bc67c68138535b989                                                                                             0.0s
 => [stage-1 2/7] COPY ./nginx/default.conf /etc/nginx/conf.d/default.conf                                                                                                                                             0.0s
 => CACHED [builder  2/14] WORKDIR /space/app                                                                                                                                                                          0.0s
 => [builder  3/14] COPY ./package.json ./                                                                                                                                                                             0.0s
 => [stage-1 3/7] RUN rm -rf /usr/share/nginx/html/vcp-partnerportal-*.tar.gz                                                                                                                                          0.1s
 => [builder  4/14] COPY ./bower.json ./                                                                                                                                                                               0.0s
 => [builder  5/14] COPY ./npm-shrinkwrap.original.json ./npm-shrinkwrap.json                                                                                                                                          0.0s
 => [builder  6/14] RUN npm shrinkwrap                                                                                                                                                                                 2.0s
 => [builder  7/14] RUN npm install                                                                                                                                                                                   62.4s
 => [builder  8/14] RUN npm install -g gulp@3.9.1 bower@1.8.14                                                                                                                                                        17.3s
 => [builder  9/14] RUN apk add --no-cache git                                                                                                                                                                         2.2s
 => [builder 10/14] RUN bower --allow-root install                                                                                                                                                                    14.2s
 => [builder 11/14] COPY ./i18n ./i18n                                                                                                                                                                                 0.1s
 => [builder 12/14] COPY ./src ./src                                                                                                                                                                                   0.0s
 => [builder 13/14] COPY ./gulpfile.js ./                                                                                                                                                                              0.0s
 => [builder 14/14] RUN gulp                                                                                                                                                                                          37.4s
 => [stage-1 4/7] COPY --from=builder /space/app/vcp-partnerportal-*.tar.gz /usr/share/nginx/html/                                                                                                                     0.2s
 => [stage-1 5/7] RUN mkdir -p /usr/share/nginx/html/partnerportal                                                                                                                                                     0.1s
 => [stage-1 6/7] RUN tar -xvzf /usr/share/nginx/html/vcp-partnerportal-*.tar.gz -C /usr/share/nginx/html/partnerportal                                                                                                0.2s
 => [stage-1 7/7] RUN rm -rf /usr/share/nginx/html/vcp-partnerportal-*.tar.gz                                                                                                                                          0.1s
 => exporting to image                                                                                                                                                                                                 5.5s
 => => exporting layers                                                                                                                                                                                                0.2s
 => => exporting manifest sha256:68300a6fc674e860f74c206487e9fad89abaa83aa209561ebd965563cd82c480                                                                                                                      0.0s
 => => exporting config sha256:42ddf0c7af519465e55885f69677adc43c77abe558bb14669c8542fd10ae12e9                                                                                                                        0.0s
 => => exporting attestation manifest sha256:a5d959607b4bc814d4351a5d04c80fb283e5c0b478b25647c993dc983f915311                                                                                                          0.0s
 => => exporting manifest list sha256:9dc4cd53587eabc83d260346e1f0ba71594bec5c44d6ab91252559872652eb07                                                                                                                 0.0s
 => => pushing layers                                                                                                                                                                                                  4.2s
 => => pushing manifest for nexus.telenity.com/com/telenity/consolportals-sa-stc-vcp-partnerportal:1.0.0.1-amd64@sha256:9dc4cd53587eabc83d260346e1f0ba71594bec5c44d6ab91252559872652eb07                               1.1s

 1 warning found (use docker --debug to expand):
 - FromAsCasing: 'as' and 'FROM' keywords' casing do not match (line 2)

View build details: docker-desktop://dashboard/build/telenity-builder/telenity-builder0/dwlxy3bc22ga44cx50p9y1120
zeynepozsoy@TELENITYs-MacBook-Pro vcp-partnerportal % cd ../a3gw
zeynepozsoy@TELENITYs-MacBook-Pro a3gw % docker buildx build \
  --platform linux/amd64 \
  -f Dockerfile.vcp.k8slocal \
  -t nexus.telenity.com/com/telenity/consolportals-sa-stc-vcp-a3gw:1.0.0.1-amd64 \
  --push \
  .
[+] Building 2.5s (16/16) FINISHED                                                                                                                                                        docker-container:telenity-builder
 => [internal] load build definition from Dockerfile.vcp.k8slocal                                                                                                                                                      0.0s
 => => transferring dockerfile: 1.21kB                                                                                                                                                                                 0.0s
 => [internal] load metadata for docker.io/library/node:20.15.0-alpine                                                                                                                                                 1.3s
 => [auth] library/node:pull token for registry-1.docker.io                                                                                                                                                            0.0s
 => [internal] load .dockerignore                                                                                                                                                                                      0.0s
 => => transferring context: 2B                                                                                                                                                                                        0.0s
 => [internal] load build context                                                                                                                                                                                      0.0s
 => => transferring context: 2.76kB                                                                                                                                                                                    0.0s
 => [ 1/10] FROM docker.io/library/node:20.15.0-alpine@sha256:df01469346db2bf1cfc1f7261aeab86b2960efa840fe2bd46d83ff339f463665                                                                                         0.0s
 => => resolve docker.io/library/node:20.15.0-alpine@sha256:df01469346db2bf1cfc1f7261aeab86b2960efa840fe2bd46d83ff339f463665                                                                                           0.0s
 => CACHED [ 2/10] WORKDIR /space/a3gw                                                                                                                                                                                 0.0s
 => CACHED [ 3/10] COPY package*.json ./                                                                                                                                                                               0.0s
 => CACHED [ 4/10] RUN npm install                                                                                                                                                                                     0.0s
 => CACHED [ 5/10] RUN npm install -g pm2                                                                                                                                                                              0.0s
 => CACHED [ 6/10] COPY ./src ./src                                                                                                                                                                                    0.0s
 => CACHED [ 7/10] COPY ./vcp/ecosystem.config.js ./ecosystem.config.js                                                                                                                                                0.0s
 => CACHED [ 8/10] COPY ./vcp/conf.k8s ./src/conf                                                                                                                                                                      0.0s
 => CACHED [ 9/10] RUN mkdir -p ./static                                                                                                                                                                               0.0s
 => CACHED [10/10] COPY ./vcp/static.prod ./static                                                                                                                                                                     0.0s
 => exporting to image                                                                                                                                                                                                 1.2s
 => => exporting layers                                                                                                                                                                                                0.0s
 => => exporting manifest sha256:44568e9ed134609738ea03476588003398780d4d1824903e402edc13b6b9f653                                                                                                                      0.0s
 => => exporting config sha256:f13eef9f0c6e3449ce78c3957f668d727f62df81b2ad8187cc8c1de16eb37213                                                                                                                        0.0s
 => => exporting attestation manifest sha256:24e67032f967b60f601d36b0ba62b5cf5f38200a3abed58c3054fbc00069d1c4                                                                                                          0.0s
 => => exporting manifest list sha256:f2678478330e4cbbc8e8d8f2134c1518ab6b34be0341b1988927051cba1787a4                                                                                                                 0.0s
 => => pushing layers                                                                                                                                                                                                  0.6s
 => => pushing manifest for nexus.telenity.com/com/telenity/consolportals-sa-stc-vcp-a3gw:1.0.0.1-amd64@sha256:f2678478330e4cbbc8e8d8f2134c1518ab6b34be0341b1988927051cba1787a4                                        0.5s

View build details: docker-desktop://dashboard/build/telenity-builder/telenity-builder0/nlleyxg5mlo6lf2oo343pmnoa
zeynepozsoy@TELENITYs-MacBook-Pro a3gw % cd ..
zeynepozsoy@TELENITYs-MacBook-Pro vcp % cd helm
zeynepozsoy@TELENITYs-MacBook-Pro helm % ls -ltra
total 120
-rw-r--r--@  1 zeynepozsoy  staff    955 Jan 14 21:24 README.md
-rw-r--r--@  1 zeynepozsoy  staff    227 Jan 14 21:24 Chart.yaml
-rw-r--r--   1 zeynepozsoy  staff   5758 Jan 15 02:17 rendered.yaml
drwxr-xr-x   3 zeynepozsoy  staff     96 Jan 20 08:21 tmp
-rw-r--r--   1 zeynepozsoy  staff  29251 Jan 20 10:06 log.txt
drwxr-xr-x  17 zeynepozsoy  staff    544 Jan 20 11:20 ..
drwxr-xr-x  14 zeynepozsoy  staff    448 Jan 20 22:49 templates
-rw-r--r--@  1 zeynepozsoy  staff   6148 Jan 26 22:13 .DS_Store
-rw-r--r--@  1 zeynepozsoy  staff   2350 Jan 27 05:30 values.yaml
drwxr-xr-x  10 zeynepozsoy  staff    320 Jan 27 05:30 .

zeynepozsoy@TELENITYs-MacBook-Pro helm % kubectl get all -n consolportals-test
No resources found in consolportals-test namespace.
zeynepozsoy@TELENITYs-MacBook-Pro helm % docker buildx create --name telenity-builder --use
telenity-builder
zeynepozsoy@TELENITYs-MacBook-Pro helm % docker buildx inspect --bootstrap
[+] Building 48.6s (1/1) FINISHED
 => [internal] booting buildkit                                                                                                                                                                                       48.6s
 => => pulling image moby/buildkit:buildx-stable-1                                                                                                                                                                    47.9s
 => => creating container buildx_buildkit_telenity-builder0                                                                                                                                                            0.7s
Name:          telenity-builder
Driver:        docker-container
Last Activity: 2026-01-27 01:47:40 +0000 UTC

Nodes:
Name:     telenity-builder0
Endpoint: desktop-linux
Error:    Get "http://%2FUsers%2Fzeynepozsoy%2F.docker%2Frun%2Fdocker.sock/v1.51/containers/buildx_buildkit_telenity-builder0/json": context deadline exceeded
zeynepozsoy@TELENITYs-MacBook-Pro helm % cd <path-to-httpd-dockerfile>
docker buildx build --platform linux/amd64 \
  -t nexus.telenity.com/com/telenity/consolportals-sa-stc-vcp-httpd:1.0.0.2 \
  --push .

zeynepozsoy@TELENITYs-MacBook-Pro helm %
zeynepozsoy@TELENITYs-MacBook-Pro helm % cd ..
zeynepozsoy@TELENITYs-MacBook-Pro vcp % cd ..
zeynepozsoy@TELENITYs-MacBook-Pro stc % ll
zsh: command not found: ll
zeynepozsoy@TELENITYs-MacBook-Pro stc % cd ..
zeynepozsoy@TELENITYs-MacBook-Pro stc-k8s % docker buildx build \
  --platform linux/amd64 \
  -f stc/vcp/a3gw/Dockerfile.vcp.k8slocal \
  -t nexus.telenity.com/com/telenity/consolportals-sa-stc-vcp-a3gw:1.0.0.1--amd64 \
  --push \
  .
[+] Building 3.9s (15/15) FINISHED                                                                                                                                                        docker-container:telenity-builder
 => [internal] load build definition from Dockerfile.vcp.k8slocal                                                                                                                                                      0.0s
 => => transferring dockerfile: 1.21kB                                                                                                                                                                                 0.0s
 => [internal] load metadata for docker.io/library/node:20.15.0-alpine                                                                                                                                                 2.5s
 => [auth] library/node:pull token for registry-1.docker.io                                                                                                                                                            0.0s
 => [internal] load .dockerignore                                                                                                                                                                                      0.0s
 => => transferring context: 2B                                                                                                                                                                                        0.0s
 => [internal] load build context                                                                                                                                                                                      1.4s
 => => transferring context: 2B                                                                                                                                                                                        1.4s
 => [ 1/10] FROM docker.io/library/node:20.15.0-alpine@sha256:df01469346db2bf1cfc1f7261aeab86b2960efa840fe2bd46d83ff339f463665                                                                                         1.4s
 => => resolve docker.io/library/node:20.15.0-alpine@sha256:df01469346db2bf1cfc1f7261aeab86b2960efa840fe2bd46d83ff339f463665                                                                                           0.0s
 => => sha256:b76f83d65b1b4ebbbf1dc6c3a171a2658ebb2d3b726dbfdd7b8bfd645698f5f9 451B / 451B                                                                                                                             0.4s
 => => sha256:b0691ab91e2774c9a10e06e87cd53c04d60fec055f28d158efb4768080e5beb0 1.39MB / 1.39MB                                                                                                                         0.7s
 => => sha256:ba1057ec209ef729ee564099a0340d0b78324c97778af46879c287bc13e2ebe8 3.15MB / 42.19MB                                                                                                                        1.4s
 => => sha256:ec99f8b99825a742d50fb3ce173d291378a46ab54b8ef7dd75e5654e2a296e99 3.62MB / 3.62MB                                                                                                                         1.3s
 => => extracting sha256:ec99f8b99825a742d50fb3ce173d291378a46ab54b8ef7dd75e5654e2a296e99                                                                                                                              0.1s
 => CANCELED [ 2/10] WORKDIR /space/a3gw                                                                                                                                                                               0.0s
 => CACHED [ 3/10] COPY package*.json ./                                                                                                                                                                               0.0s
 => CACHED [ 4/10] RUN npm install                                                                                                                                                                                     0.0s
 => CACHED [ 5/10] RUN npm install -g pm2                                                                                                                                                                              0.0s
 => ERROR [ 6/10] COPY ./src ./src                                                                                                                                                                                     0.0s
 => ERROR [ 7/10] COPY ./vcp/ecosystem.config.js ./ecosystem.config.js                                                                                                                                                 0.0s
 => ERROR [ 8/10] COPY ./vcp/conf.k8s ./src/conf                                                                                                                                                                       0.0s
 => CACHED [ 9/10] RUN mkdir -p ./static                                                                                                                                                                               0.0s
 => ERROR [10/10] COPY ./vcp/static.prod ./static                                                                                                                                                                      0.0s
------
 > [ 6/10] COPY ./src ./src:
------
------
 > [ 7/10] COPY ./vcp/ecosystem.config.js ./ecosystem.config.js:
------
------
 > [ 8/10] COPY ./vcp/conf.k8s ./src/conf:
------
------
 > [10/10] COPY ./vcp/static.prod ./static:
------
Dockerfile.vcp.k8slocal:40
--------------------
  38 |     # Create static directory and copy static files
  39 |     RUN mkdir -p ./static
  40 | >>> COPY ./vcp/static.prod ./static
  41 |
  42 |     # Expose application ports
--------------------
ERROR: failed to build: failed to solve: failed to compute cache key: failed to calculate checksum of ref y9u11jru1psynhtof0y2eddmn::y6ariskjpws8wp2y0amvsgn3j: "/vcp/static.prod": not found

View build details: docker-desktop://dashboard/build/telenity-builder/telenity-builder0/juqvtivo5mvzwwf1pfgktkd8e
zeynepozsoy@TELENITYs-MacBook-Pro stc-k8s % cd stc/vcp/a3gw
zeynepozsoy@TELENITYs-MacBook-Pro a3gw % ls -ltra
total 352
-rw-r--r--   1 zeynepozsoy  staff     219 Apr 25  2025 .gitignore
-rw-r--r--   1 zeynepozsoy  staff   13071 Apr 25  2025 README.md
-rw-r--r--   1 zeynepozsoy  staff  132459 Apr 25  2025 package-lock.json
-rw-r--r--   1 zeynepozsoy  staff    2516 Apr 25  2025 package.json
drwxr-xr-x   9 zeynepozsoy  staff     288 Jun 14  2025 src
drwxr-xr-x   8 zeynepozsoy  staff     256 Jun 19  2025 vcp
-rw-r--r--   1 zeynepozsoy  staff     684 Jun 22  2025 Dockerfile.vcp.dev
-rw-r--r--   1 zeynepozsoy  staff    1158 Jun 22  2025 Dockerfile.vcp.k8slocal
-rw-r--r--   1 zeynepozsoy  staff     742 Jun 22  2025 Dockerfile.vcp.prod
drwxr-xr-x  17 zeynepozsoy  staff     544 Jan 20 11:20 ..
drwxr-xr-x  12 zeynepozsoy  staff     384 Jan 26 22:13 .
-rw-r--r--@  1 zeynepozsoy  staff    6148 Jan 26 22:13 .DS_Store
zeynepozsoy@TELENITYs-MacBook-Pro a3gw % docker buildx build \
  --platform linux/amd64 \
  -f Dockerfile.vcp.k8slocal \
  -t nexus.telenity.com/com/telenity/consolportals-sa-stc-vcp-a3gw:1.0.0.1--amd64 \
  --push \
  .
[+] Building 35.9s (15/15) FINISHED                                                                                                                                                       docker-container:telenity-builder
 => [internal] load build definition from Dockerfile.vcp.k8slocal                                                                                                                                                      0.0s
 => => transferring dockerfile: 1.21kB                                                                                                                                                                                 0.0s
 => [internal] load metadata for docker.io/library/node:20.15.0-alpine                                                                                                                                                 0.7s
 => [internal] load .dockerignore                                                                                                                                                                                      0.0s
 => => transferring context: 2B                                                                                                                                                                                        0.0s
 => [ 1/10] FROM docker.io/library/node:20.15.0-alpine@sha256:df01469346db2bf1cfc1f7261aeab86b2960efa840fe2bd46d83ff339f463665                                                                                         5.7s
 => => resolve docker.io/library/node:20.15.0-alpine@sha256:df01469346db2bf1cfc1f7261aeab86b2960efa840fe2bd46d83ff339f463665                                                                                           0.0s
 => => extracting sha256:ec99f8b99825a742d50fb3ce173d291378a46ab54b8ef7dd75e5654e2a296e99                                                                                                                              0.1s
 => => sha256:ba1057ec209ef729ee564099a0340d0b78324c97778af46879c287bc13e2ebe8 42.19MB / 42.19MB                                                                                                                       3.9s
 => => extracting sha256:ba1057ec209ef729ee564099a0340d0b78324c97778af46879c287bc13e2ebe8                                                                                                                              1.7s
 => => extracting sha256:b0691ab91e2774c9a10e06e87cd53c04d60fec055f28d158efb4768080e5beb0                                                                                                                              0.0s
 => => extracting sha256:b76f83d65b1b4ebbbf1dc6c3a171a2658ebb2d3b726dbfdd7b8bfd645698f5f9                                                                                                                              0.0s
 => [internal] load build context                                                                                                                                                                                      0.0s
 => => transferring context: 745.88kB                                                                                                                                                                                  0.0s
 => [ 2/10] WORKDIR /space/a3gw                                                                                                                                                                                        0.1s
 => [ 3/10] COPY package*.json ./                                                                                                                                                                                      0.0s
 => [ 4/10] RUN npm install                                                                                                                                                                                           17.9s
 => [ 5/10] RUN npm install -g pm2                                                                                                                                                                                     8.8s
 => [ 6/10] COPY ./src ./src                                                                                                                                                                                           0.0s
 => [ 7/10] COPY ./vcp/ecosystem.config.js ./ecosystem.config.js                                                                                                                                                       0.0s
 => [ 8/10] COPY ./vcp/conf.k8s ./src/conf                                                                                                                                                                             0.0s
 => [ 9/10] RUN mkdir -p ./static                                                                                                                                                                                      0.1s
 => [10/10] COPY ./vcp/static.prod ./static                                                                                                                                                                            0.0s
 => ERROR exporting to image                                                                                                                                                                                           2.4s
 => => exporting layers                                                                                                                                                                                                2.3s
 => => exporting manifest sha256:44568e9ed134609738ea03476588003398780d4d1824903e402edc13b6b9f653                                                                                                                      0.0s
 => => exporting config sha256:f13eef9f0c6e3449ce78c3957f668d727f62df81b2ad8187cc8c1de16eb37213                                                                                                                        0.0s
 => => exporting attestation manifest sha256:6e52a631c97ed282ca0f883d702736ec3bddd5f4dd8c2c4e272d8d7aa9e21943                                                                                                          0.0s
 => => exporting manifest list sha256:e7cbc99000a5c27ee73441009952d4a0d1c62068615ee593b212dea2fcd97c25                                                                                                                 0.0s
 => => pushing layers                                                                                                                                                                                                  0.1s
------
 > exporting to image:
------
ERROR: failed to build: failed to solve: failed to push nexus.telenity.com/com/telenity/consolportals-sa-stc-vcp-a3gw:1.0.0.1--amd64: failed to do request: Head "https://nexus.telenity.com/v2/com/telenity/consolportals-sa-stc-vcp-a3gw/blobs/sha256:39825bb779a4941d4828c670616e3ad507e3ec0c39ac3eba76a03c04ce83ff74": dial tcp: lookup nexus.telenity.com on 192.168.65.7:53: no such host

View build details: docker-desktop://dashboard/build/telenity-builder/telenity-builder0/x64pzvtjdu9gf1q5nkasqwq71
zeynepozsoy@TELENITYs-MacBook-Pro a3gw % docker buildx build \
  --platform linux/amd64 \
  -f Dockerfile.vcp.k8slocal \
  -t nexus.telenity.com/com/telenity/consolportals-sa-stc-vcp-a3gw:1.0.0.1--amd64 \
  --push \
  .
[+] Building 87.1s (15/15) FINISHED                                                                                                                                                       docker-container:telenity-builder
 => [internal] load build definition from Dockerfile.vcp.k8slocal                                                                                                                                                      0.0s
 => => transferring dockerfile: 1.21kB                                                                                                                                                                                 0.0s
 => [internal] load metadata for docker.io/library/node:20.15.0-alpine                                                                                                                                                 1.2s
 => [internal] load .dockerignore                                                                                                                                                                                      0.0s
 => => transferring context: 2B                                                                                                                                                                                        0.0s
 => [ 1/10] FROM docker.io/library/node:20.15.0-alpine@sha256:df01469346db2bf1cfc1f7261aeab86b2960efa840fe2bd46d83ff339f463665                                                                                         0.0s
 => => resolve docker.io/library/node:20.15.0-alpine@sha256:df01469346db2bf1cfc1f7261aeab86b2960efa840fe2bd46d83ff339f463665                                                                                           0.0s
 => [internal] load build context                                                                                                                                                                                      0.0s
 => => transferring context: 2.76kB                                                                                                                                                                                    0.0s
 => CACHED [ 2/10] WORKDIR /space/a3gw                                                                                                                                                                                 0.0s
 => CACHED [ 3/10] COPY package*.json ./                                                                                                                                                                               0.0s
 => CACHED [ 4/10] RUN npm install                                                                                                                                                                                     0.0s
 => CACHED [ 5/10] RUN npm install -g pm2                                                                                                                                                                              0.0s
 => CACHED [ 6/10] COPY ./src ./src                                                                                                                                                                                    0.0s
 => CACHED [ 7/10] COPY ./vcp/ecosystem.config.js ./ecosystem.config.js                                                                                                                                                0.0s
 => CACHED [ 8/10] COPY ./vcp/conf.k8s ./src/conf                                                                                                                                                                      0.0s
 => CACHED [ 9/10] RUN mkdir -p ./static                                                                                                                                                                               0.0s
 => CACHED [10/10] COPY ./vcp/static.prod ./static                                                                                                                                                                     0.0s
 => exporting to image                                                                                                                                                                                                85.8s
 => => exporting layers                                                                                                                                                                                                0.0s
 => => exporting manifest sha256:44568e9ed134609738ea03476588003398780d4d1824903e402edc13b6b9f653                                                                                                                      0.0s
 => => exporting config sha256:f13eef9f0c6e3449ce78c3957f668d727f62df81b2ad8187cc8c1de16eb37213                                                                                                                        0.0s
 => => exporting attestation manifest sha256:1e137d47c230808383a6db7b6a0e9f886380298fb69867a8217fdf25e76e8038                                                                                                          0.0s
 => => exporting manifest list sha256:d7efafbe94f82d59aaf3112e77c70acebbbfcdef32ad22a0cebd9e9a37cfe020                                                                                                                 0.0s
 => => pushing layers                                                                                                                                                                                                 84.4s
 => => pushing manifest for nexus.telenity.com/com/telenity/consolportals-sa-stc-vcp-a3gw:1.0.0.1--amd64@sha256:d7efafbe94f82d59aaf3112e77c70acebbbfcdef32ad22a0cebd9e9a37cfe020                                       1.4s

View build details: docker-desktop://dashboard/build/telenity-builder/telenity-builder0/clg5k1vvv7fd5llyy505z88m4
zeynepozsoy@TELENITYs-MacBook-Pro a3gw % pwd
/Users/zeynepozsoy/WebstormProjects/stc-k8s/stc/vcp/a3gw
zeynepozsoy@TELENITYs-MacBook-Pro a3gw % cd ..
zeynepozsoy@TELENITYs-MacBook-Pro vcp % cd httpd/
zeynepozsoy@TELENITYs-MacBook-Pro httpd % ls -ltra
total 24
drwxr-xr-x   8 zeynepozsoy  staff  256 Jun 22  2025 vcp
-rw-r--r--   1 zeynepozsoy  staff  396 Jun 22  2025 Dockerfile.vcp.k8slocal
-rw-r--r--   1 zeynepozsoy  staff  495 Jun 23  2025 Dockerfile.vcp.dev
-rw-r--r--   1 zeynepozsoy  staff  500 Jun 23  2025 Dockerfile.vcp.prod
drwxr-xr-x   6 zeynepozsoy  staff  192 Jun 23  2025 .
drwxr-xr-x  17 zeynepozsoy  staff  544 Jan 20 11:20 ..
zeynepozsoy@TELENITYs-MacBook-Pro httpd % pwd
/Users/zeynepozsoy/WebstormProjects/stc-k8s/stc/vcp/httpd
zeynepozsoy@TELENITYs-MacBook-Pro httpd % docker buildx build \
  --platform linux/amd64 \
  -f Dockerfile.vcp.k8slocal \
  -t nexus.telenity.com/com/telenity/consolportals-sa-stc-vcp-httpd:1.0.0.1-amd64 \
  --push \
  .
[+] Building 26.5s (12/12) FINISHED                                                                                                                                                       docker-container:telenity-builder
 => [internal] load build definition from Dockerfile.vcp.k8slocal                                                                                                                                                      0.0s
 => => transferring dockerfile: 448B                                                                                                                                                                                   0.0s
 => [internal] load metadata for docker.io/library/httpd:alpine                                                                                                                                                        2.5s
 => [auth] library/httpd:pull token for registry-1.docker.io                                                                                                                                                           0.0s
 => [internal] load .dockerignore                                                                                                                                                                                      0.0s
 => => transferring context: 2B                                                                                                                                                                                        0.0s
 => [1/6] FROM docker.io/library/httpd:alpine@sha256:6b7535d8a33c42b0f0f48ff0067765d518503e465b1bf6b1629230b62a466a87                                                                                                  2.8s
 => => resolve docker.io/library/httpd:alpine@sha256:6b7535d8a33c42b0f0f48ff0067765d518503e465b1bf6b1629230b62a466a87                                                                                                  0.0s
 => => sha256:988cd7d09a3138a7a8d7255b92715d0421d88637e8ae43757f6c6fae3a5c9a10 284B / 284B                                                                                                                             0.4s
 => => sha256:e626d5c4ed2cb002334e2fa739cea5ebcc1ac9541a1ace441108e9814bf97cc5 5.90MB / 5.90MB                                                                                                                         1.2s
 => => sha256:0c51c0b07eaefbed47a1d88d9b290eb9759a6502fce28975ef723a6734e4d271 11.06MB / 11.06MB                                                                                                                       2.3s
 => => sha256:4f4fb700ef54461cfa02571ae0db9a0dc1e0cdb5577484a6d75e68dc38e8acc1 32B / 32B                                                                                                                               0.9s
 => => sha256:0c4ffdba1e9e29f63e728c402fbf6888be9de3e71f47766d914a5847503822aa 146B / 146B                                                                                                                             0.6s
 => => sha256:0bd765d2a2cb807ebdcb200a3c546108272a20ada7dd1bbd1e2bc26164e6ccb8 930B / 930B                                                                                                                             0.6s
 => => sha256:1074353eec0db2c1d81d5af2671e56e00cf5738486f5762609ea33d606f88612 3.86MB / 3.86MB                                                                                                                         1.4s
 => => extracting sha256:1074353eec0db2c1d81d5af2671e56e00cf5738486f5762609ea33d606f88612                                                                                                                              0.1s
 => => extracting sha256:0bd765d2a2cb807ebdcb200a3c546108272a20ada7dd1bbd1e2bc26164e6ccb8                                                                                                                              0.0s
 => => extracting sha256:0c4ffdba1e9e29f63e728c402fbf6888be9de3e71f47766d914a5847503822aa                                                                                                                              0.0s
 => => extracting sha256:4f4fb700ef54461cfa02571ae0db9a0dc1e0cdb5577484a6d75e68dc38e8acc1                                                                                                                              0.0s
 => => extracting sha256:0c51c0b07eaefbed47a1d88d9b290eb9759a6502fce28975ef723a6734e4d271                                                                                                                              0.3s
 => => extracting sha256:e626d5c4ed2cb002334e2fa739cea5ebcc1ac9541a1ace441108e9814bf97cc5                                                                                                                              0.1s
 => => extracting sha256:988cd7d09a3138a7a8d7255b92715d0421d88637e8ae43757f6c6fae3a5c9a10                                                                                                                              0.0s
 => [internal] load build context                                                                                                                                                                                      0.0s
 => => transferring context: 77.12kB                                                                                                                                                                                   0.0s
 => [2/6] RUN mkdir -p /usr/local/apache2/conf.d                                                                                                                                                                       0.1s
 => [3/6] COPY ./vcp/conf.d.k8s /usr/local/apache2/conf.d                                                                                                                                                              0.0s
 => [4/6] COPY ./vcp/conf/httpd.conf /usr/local/apache2/conf/httpd.conf                                                                                                                                                0.0s
 => [5/6] COPY ./vcp/openssl.prod/server.crt /usr/local/apache2/conf/server.crt                                                                                                                                        0.0s
 => [6/6] COPY ./vcp/openssl.prod/server.key /usr/local/apache2/conf/server.key                                                                                                                                        0.0s
 => exporting to image                                                                                                                                                                                                20.8s
 => => exporting layers                                                                                                                                                                                                0.1s
 => => exporting manifest sha256:2e96b75fca0802412c5aa812cb74187f76e5a22c2c76d4e6ba8ccd79d3321339                                                                                                                      0.0s
 => => exporting config sha256:df42991a6417788e4ead2bb693a7618d7c9c7e76ca06b426b3fb53603c0aa033                                                                                                                        0.0s
 => => exporting attestation manifest sha256:e1f04943ea29f0e25807e873bdf99d5fb86dfe8e3a26a216c24f4fabd4bee430                                                                                                          0.0s
 => => exporting manifest list sha256:fb4ad10caa3adf7650b2a891830fdce9e648b70e17141c28a649d7d9ccf92add                                                                                                                 0.0s
 => => pushing layers                                                                                                                                                                                                 19.4s
 => => pushing manifest for nexus.telenity.com/com/telenity/consolportals-sa-stc-vcp-httpd:1.0.0.1-amd64@sha256:fb4ad10caa3adf7650b2a891830fdce9e648b70e17141c28a649d7d9ccf92add                                       1.4s

View build details: docker-desktop://dashboard/build/telenity-builder/telenity-builder0/gexgy1phy5zvcvbdcgz0mnrbx
zeynepozsoy@TELENITYs-MacBook-Pro httpd % cd ../adminportal
cd: no such file or directory: ../adminportal
zeynepozsoy@TELENITYs-MacBook-Pro httpd % cd ../vcp-adminportal
zeynepozsoy@TELENITYs-MacBook-Pro vcp-adminportal % pwd
/Users/zeynepozsoy/WebstormProjects/stc-k8s/stc/vcp/vcp-adminportal
zeynepozsoy@TELENITYs-MacBook-Pro vcp-adminportal % docker buildx build \
  --platform linux/amd64 \
  -f Dockerfile.prod \
  -t nexus.telenity.com/com/telenity/consolportals-sa-stc-vcp-adminportal:1.0.0.1-amd64 \
  --push \
  .
[+] Building 226.7s (29/29) FINISHED                                                                                                                                                      docker-container:telenity-builder
 => [internal] load build definition from Dockerfile.prod                                                                                                                                                              0.0s
 => => transferring dockerfile: 1.06kB                                                                                                                                                                                 0.0s
 => WARN: FromAsCasing: 'as' and 'FROM' keywords' casing do not match (line 2)                                                                                                                                         0.0s
 => [internal] load metadata for docker.io/library/nginx:1.21-alpine                                                                                                                                                   2.1s
 => [internal] load metadata for docker.io/library/node:10-alpine                                                                                                                                                      2.0s
 => [auth] library/node:pull token for registry-1.docker.io                                                                                                                                                            0.0s
 => [auth] library/nginx:pull token for registry-1.docker.io                                                                                                                                                           0.0s
 => [internal] load .dockerignore                                                                                                                                                                                      0.0s
 => => transferring context: 2B                                                                                                                                                                                        0.0s
 => [builder  1/14] FROM docker.io/library/node:10-alpine@sha256:dc98dac24efd4254f75976c40bce46944697a110d06ce7fa47e7268470cf2e28                                                                                      4.9s
 => => resolve docker.io/library/node:10-alpine@sha256:dc98dac24efd4254f75976c40bce46944697a110d06ce7fa47e7268470cf2e28                                                                                                0.0s
 => => sha256:7150aa69525b95f82b3df6a61a002f82382b2f3ea8ce51b9000b965f7476a5cc 2.35MB / 2.35MB                                                                                                                         0.6s
 => => sha256:d7aa47be044e5a988e3e7f204e2e28cb9f070daa32ed081072ad6d5bf6c085d1 280B / 280B                                                                                                                             0.4s
 => => sha256:de915e575d22c7e33c83fddaf7aee0672e5d6a67e598a26fe0b30c7022f53cdd 22.21MB / 22.21MB                                                                                                                       3.4s
 => => sha256:ddad3d7c1e96adf9153f8921a7c9790f880a390163df453be1566e9ef0d546e0 2.82MB / 2.82MB                                                                                                                         1.4s
 => => extracting sha256:ddad3d7c1e96adf9153f8921a7c9790f880a390163df453be1566e9ef0d546e0                                                                                                                              0.1s
 => => extracting sha256:de915e575d22c7e33c83fddaf7aee0672e5d6a67e598a26fe0b30c7022f53cdd                                                                                                                              1.3s
 => => extracting sha256:7150aa69525b95f82b3df6a61a002f82382b2f3ea8ce51b9000b965f7476a5cc                                                                                                                              0.1s
 => => extracting sha256:d7aa47be044e5a988e3e7f204e2e28cb9f070daa32ed081072ad6d5bf6c085d1                                                                                                                              0.0s
 => [internal] load build context                                                                                                                                                                                      0.3s
 => => transferring context: 11.92MB                                                                                                                                                                                   0.3s
 => [stage-1 1/7] FROM docker.io/library/nginx:1.21-alpine@sha256:a74534e76ee1121d418fa7394ca930eb67440deda413848bc67c68138535b989                                                                                     4.1s
 => => resolve docker.io/library/nginx:1.21-alpine@sha256:a74534e76ee1121d418fa7394ca930eb67440deda413848bc67c68138535b989                                                                                             0.0s
 => => sha256:9da77f8e409edbb2c42db3d6a70f31754ac6e35c9ae981555b9f42ea42008a80 1.39kB / 1.39kB                                                                                                                         0.5s
 => => sha256:32261d4e220f3a41084ad35886169f9d753ffca4f8824ad934a43b1cddbad86c 664B / 664B                                                                                                                             0.6s
 => => sha256:06f5cb628050fa03f0928769c767bba57656e84312961cc39fbff63ae48c2f3e 893B / 893B                                                                                                                             0.5s
 => => sha256:e00351ea626cd356c69e58d33181233b47a904d3b6ee508948d6cc221d7b9cfa 603B / 603B                                                                                                                             0.6s
 => => sha256:a285f0f83eed13cf71ccb560c31dd31b5eb7be0cadb4f43319d6de59aa4e3c70 7.34MB / 7.34MB                                                                                                                         2.2s
 => => sha256:df9b9388f04ad6279a7410b85cedfdcb2208c0a003da7ab5613af71079148139 2.81MB / 2.81MB                                                                                                                         1.0s
 => => extracting sha256:df9b9388f04ad6279a7410b85cedfdcb2208c0a003da7ab5613af71079148139                                                                                                                              0.1s
 => => extracting sha256:a285f0f83eed13cf71ccb560c31dd31b5eb7be0cadb4f43319d6de59aa4e3c70                                                                                                                              0.4s
 => => extracting sha256:e00351ea626cd356c69e58d33181233b47a904d3b6ee508948d6cc221d7b9cfa                                                                                                                              0.0s
 => => extracting sha256:06f5cb628050fa03f0928769c767bba57656e84312961cc39fbff63ae48c2f3e                                                                                                                              0.0s
 => => extracting sha256:32261d4e220f3a41084ad35886169f9d753ffca4f8824ad934a43b1cddbad86c                                                                                                                              0.0s
 => => extracting sha256:9da77f8e409edbb2c42db3d6a70f31754ac6e35c9ae981555b9f42ea42008a80                                                                                                                              0.0s
 => [stage-1 2/7] COPY ./nginx/default.conf /etc/nginx/conf.d/default.conf                                                                                                                                             0.1s
 => [stage-1 3/7] RUN rm -rf /usr/share/nginx/html/vcp-adminportal-*.tar.gz                                                                                                                                            0.1s
 => [builder  2/14] WORKDIR /space/app                                                                                                                                                                                 0.0s
 => [builder  3/14] COPY ./package.json ./                                                                                                                                                                             0.0s
 => [builder  4/14] COPY ./bower.json ./                                                                                                                                                                               0.0s
 => [builder  5/14] COPY ./npm-shrinkwrap.original.json ./npm-shrinkwrap.json                                                                                                                                          0.0s
 => [builder  6/14] RUN npm shrinkwrap                                                                                                                                                                                 2.2s
 => [builder  7/14] RUN npm install                                                                                                                                                                                   69.1s
 => [builder  8/14] RUN npm install -g gulp@3.9.1 bower@1.8.14                                                                                                                                                        26.7s
 => [builder  9/14] RUN apk add --no-cache git                                                                                                                                                                         2.2s
 => [builder 10/14] RUN bower --allow-root install                                                                                                                                                                    21.1s
 => [builder 11/14] COPY ./i18n ./i18n                                                                                                                                                                                 0.1s
 => [builder 12/14] COPY ./src ./src                                                                                                                                                                                   0.1s
 => [builder 13/14] COPY ./gulpfile.js ./                                                                                                                                                                              0.0s
 => [builder 14/14] RUN gulp                                                                                                                                                                                          79.7s
 => [stage-1 4/7] COPY --from=builder /space/app/vcp-adminportal-*.tar.gz /usr/share/nginx/html/                                                                                                                       0.1s
 => [stage-1 5/7] RUN mkdir -p /usr/share/nginx/html/adminportal                                                                                                                                                       0.1s
 => [stage-1 6/7] RUN tar -xvzf /usr/share/nginx/html/vcp-adminportal-*.tar.gz -C /usr/share/nginx/html/adminportal                                                                                                    0.2s
 => [stage-1 7/7] RUN rm -rf /usr/share/nginx/html/vcp-adminportal-*.tar.gz                                                                                                                                            0.1s
 => exporting to image                                                                                                                                                                                                16.8s
 => => exporting layers                                                                                                                                                                                                0.2s
 => => exporting manifest sha256:5048c5e862628131d7cf18d321a07655673f2c5453b383a6f7eb2dce80ddd891                                                                                                                      0.0s
 => => exporting config sha256:7a06031e41da7856834698e4a30e748498e20a8908722a7ad96cbd73ac08d658                                                                                                                        0.0s
 => => exporting attestation manifest sha256:51e85ee7754e39deaad2a396026536863c922d6e2c393b2e4d87f4e0459d3ee6                                                                                                          0.0s
 => => exporting manifest list sha256:94d07b58c6661bf9a82d24d90fd7479b9092984a8970b04b47ee1eb993bb05a6                                                                                                                 0.0s
 => => pushing layers                                                                                                                                                                                                 15.3s
 => => pushing manifest for nexus.telenity.com/com/telenity/consolportals-sa-stc-vcp-adminportal:1.0.0.1-amd64@sha256:94d07b58c6661bf9a82d24d90fd7479b9092984a8970b04b47ee1eb993bb05a6                                 1.3s

 1 warning found (use docker --debug to expand):
 - FromAsCasing: 'as' and 'FROM' keywords' casing do not match (line 2)

View build details: docker-desktop://dashboard/build/telenity-builder/telenity-builder0/374t2oewnaz92suepoeca9iue
zeynepozsoy@TELENITYs-MacBook-Pro vcp-adminportal % cd ..
zeynepozsoy@TELENITYs-MacBook-Pro vcp % cd vcp-ccportal/
zeynepozsoy@TELENITYs-MacBook-Pro vcp-ccportal % docker buildx build \
  --platform linux/amd64 \
  -f Dockerfile.prod \
  -t nexus.telenity.com/com/telenity/consolportals-sa-stc-vcp-ccportal:1.0.0.1-amd64 \
  --push \
  .
[+] Building 151.1s (29/29) FINISHED                                                                                                                                                      docker-container:telenity-builder
 => [internal] load build definition from Dockerfile.prod                                                                                                                                                              0.0s
 => => transferring dockerfile: 1.04kB                                                                                                                                                                                 0.0s
 => WARN: FromAsCasing: 'as' and 'FROM' keywords' casing do not match (line 2)                                                                                                                                         0.0s
 => [internal] load metadata for docker.io/library/nginx:1.21-alpine                                                                                                                                                   1.2s
 => [internal] load metadata for docker.io/library/node:10-alpine                                                                                                                                                      1.2s
 => [auth] library/node:pull token for registry-1.docker.io                                                                                                                                                            0.0s
 => [auth] library/nginx:pull token for registry-1.docker.io                                                                                                                                                           0.0s
 => [internal] load .dockerignore                                                                                                                                                                                      0.0s
 => => transferring context: 2B                                                                                                                                                                                        0.0s
 => CACHED [stage-1 1/7] FROM docker.io/library/nginx:1.21-alpine@sha256:a74534e76ee1121d418fa7394ca930eb67440deda413848bc67c68138535b989                                                                              0.0s
 => => resolve docker.io/library/nginx:1.21-alpine@sha256:a74534e76ee1121d418fa7394ca930eb67440deda413848bc67c68138535b989                                                                                             0.0s
 => [builder  1/14] FROM docker.io/library/node:10-alpine@sha256:dc98dac24efd4254f75976c40bce46944697a110d06ce7fa47e7268470cf2e28                                                                                      0.0s
 => => resolve docker.io/library/node:10-alpine@sha256:dc98dac24efd4254f75976c40bce46944697a110d06ce7fa47e7268470cf2e28                                                                                                0.0s
 => [internal] load build context                                                                                                                                                                                      0.1s
 => => transferring context: 2.66MB                                                                                                                                                                                    0.1s
 => CACHED [builder  2/14] WORKDIR /space/app                                                                                                                                                                          0.0s
 => [builder  3/14] COPY ./package.json ./                                                                                                                                                                             0.0s
 => [stage-1 2/7] COPY ./nginx/default.conf /etc/nginx/conf.d/default.conf                                                                                                                                             0.0s
 => [stage-1 3/7] RUN rm -rf /usr/share/nginx/html/vcp-ccportal-*.tar.gz                                                                                                                                               0.1s
 => [builder  4/14] COPY ./bower.json ./                                                                                                                                                                               0.0s
 => [builder  5/14] COPY ./npm-shrinkwrap.original.json ./npm-shrinkwrap.json                                                                                                                                          0.0s
 => [builder  6/14] RUN npm shrinkwrap                                                                                                                                                                                 2.0s
 => [builder  7/14] RUN npm install                                                                                                                                                                                   55.2s
 => [builder  8/14] RUN npm install -g gulp@3.9.1 bower@1.8.14                                                                                                                                                        26.3s
 => [builder  9/14] RUN apk add --no-cache git                                                                                                                                                                         2.1s
 => [builder 10/14] RUN bower --allow-root install                                                                                                                                                                    14.9s
 => [builder 11/14] COPY ./i18n ./i18n                                                                                                                                                                                 0.1s
 => [builder 12/14] COPY ./src ./src                                                                                                                                                                                   0.1s
 => [builder 13/14] COPY ./gulpfile.js ./                                                                                                                                                                              0.0s
 => [builder 14/14] RUN gulp                                                                                                                                                                                          42.3s
 => [stage-1 4/7] COPY --from=builder /space/app/vcp-ccportal-*.tar.gz /usr/share/nginx/html/                                                                                                                          0.1s
 => [stage-1 5/7] RUN mkdir -p /usr/share/nginx/html/ccportal                                                                                                                                                          0.1s
 => [stage-1 6/7] RUN tar -xvzf /usr/share/nginx/html/vcp-ccportal-*.tar.gz -C /usr/share/nginx/html/ccportal                                                                                                          0.1s
 => [stage-1 7/7] RUN rm -rf /usr/share/nginx/html/vcp-ccportal-*.tar.gz                                                                                                                                               0.1s
 => exporting to image                                                                                                                                                                                                 5.3s
 => => exporting layers                                                                                                                                                                                                0.1s
 => => exporting manifest sha256:cd80bb04bd8f2bb83261d785edeac97c3a506a26513228b8b604f6fca4b8d019                                                                                                                      0.0s
 => => exporting config sha256:d57869aad8fa97988006a8bf64cc81a0365810f8eaf9e2fb2fa4bd57147977b2                                                                                                                        0.0s
 => => exporting attestation manifest sha256:8b8382dca35202229528668a551ab0dbfcdd15d5a15f3eb42792ce62635528c5                                                                                                          0.0s
 => => exporting manifest list sha256:c0f38828c73bd200d681d958d527176088112bebba84dc19bf17036ccf858b0d                                                                                                                 0.0s
 => => pushing layers                                                                                                                                                                                                  4.1s
 => => pushing manifest for nexus.telenity.com/com/telenity/consolportals-sa-stc-vcp-ccportal:1.0.0.1-amd64@sha256:c0f38828c73bd200d681d958d527176088112bebba84dc19bf17036ccf858b0d                                    1.1s

 1 warning found (use docker --debug to expand):
 - FromAsCasing: 'as' and 'FROM' keywords' casing do not match (line 2)

View build details: docker-desktop://dashboard/build/telenity-builder/telenity-builder0/542f4wcelzb8162ulpgfnp4oz
zeynepozsoy@TELENITYs-MacBook-Pro vcp-ccportal % cd ..
zeynepozsoy@TELENITYs-MacBook-Pro vcp % cd vcp-partnerportal
zeynepozsoy@TELENITYs-MacBook-Pro vcp-partnerportal % docker buildx build \
  --platform linux/amd64 \
  -f Dockerfile.prod \
  -t nexus.telenity.com/com/telenity/consolportals-sa-stc-vcp-partnerportal:1.0.0.1-amd64 \
  --push \
  .
[+] Building 143.9s (29/29) FINISHED                                                                                                                                                      docker-container:telenity-builder
 => [internal] load build definition from Dockerfile.prod                                                                                                                                                              0.0s
 => => transferring dockerfile: 1.08kB                                                                                                                                                                                 0.0s
 => WARN: FromAsCasing: 'as' and 'FROM' keywords' casing do not match (line 2)                                                                                                                                         0.0s
 => [internal] load metadata for docker.io/library/node:10-alpine                                                                                                                                                      1.2s
 => [internal] load metadata for docker.io/library/nginx:1.21-alpine                                                                                                                                                   1.2s
 => [auth] library/node:pull token for registry-1.docker.io                                                                                                                                                            0.0s
 => [auth] library/nginx:pull token for registry-1.docker.io                                                                                                                                                           0.0s
 => [internal] load .dockerignore                                                                                                                                                                                      0.0s
 => => transferring context: 2B                                                                                                                                                                                        0.0s
 => [builder  1/14] FROM docker.io/library/node:10-alpine@sha256:dc98dac24efd4254f75976c40bce46944697a110d06ce7fa47e7268470cf2e28                                                                                      0.0s
 => => resolve docker.io/library/node:10-alpine@sha256:dc98dac24efd4254f75976c40bce46944697a110d06ce7fa47e7268470cf2e28                                                                                                0.0s
 => [internal] load build context                                                                                                                                                                                      0.1s
 => => transferring context: 2.55MB                                                                                                                                                                                    0.1s
 => CACHED [stage-1 1/7] FROM docker.io/library/nginx:1.21-alpine@sha256:a74534e76ee1121d418fa7394ca930eb67440deda413848bc67c68138535b989                                                                              0.0s
 => => resolve docker.io/library/nginx:1.21-alpine@sha256:a74534e76ee1121d418fa7394ca930eb67440deda413848bc67c68138535b989                                                                                             0.0s
 => [stage-1 2/7] COPY ./nginx/default.conf /etc/nginx/conf.d/default.conf                                                                                                                                             0.0s
 => CACHED [builder  2/14] WORKDIR /space/app                                                                                                                                                                          0.0s
 => [builder  3/14] COPY ./package.json ./                                                                                                                                                                             0.0s
 => [stage-1 3/7] RUN rm -rf /usr/share/nginx/html/vcp-partnerportal-*.tar.gz                                                                                                                                          0.1s
 => [builder  4/14] COPY ./bower.json ./                                                                                                                                                                               0.0s
 => [builder  5/14] COPY ./npm-shrinkwrap.original.json ./npm-shrinkwrap.json                                                                                                                                          0.0s
 => [builder  6/14] RUN npm shrinkwrap                                                                                                                                                                                 2.0s
 => [builder  7/14] RUN npm install                                                                                                                                                                                   62.4s
 => [builder  8/14] RUN npm install -g gulp@3.9.1 bower@1.8.14                                                                                                                                                        17.3s
 => [builder  9/14] RUN apk add --no-cache git                                                                                                                                                                         2.2s
 => [builder 10/14] RUN bower --allow-root install                                                                                                                                                                    14.2s
 => [builder 11/14] COPY ./i18n ./i18n                                                                                                                                                                                 0.1s
 => [builder 12/14] COPY ./src ./src                                                                                                                                                                                   0.0s
 => [builder 13/14] COPY ./gulpfile.js ./                                                                                                                                                                              0.0s
 => [builder 14/14] RUN gulp                                                                                                                                                                                          37.4s
 => [stage-1 4/7] COPY --from=builder /space/app/vcp-partnerportal-*.tar.gz /usr/share/nginx/html/                                                                                                                     0.2s
 => [stage-1 5/7] RUN mkdir -p /usr/share/nginx/html/partnerportal                                                                                                                                                     0.1s
 => [stage-1 6/7] RUN tar -xvzf /usr/share/nginx/html/vcp-partnerportal-*.tar.gz -C /usr/share/nginx/html/partnerportal                                                                                                0.2s
 => [stage-1 7/7] RUN rm -rf /usr/share/nginx/html/vcp-partnerportal-*.tar.gz                                                                                                                                          0.1s
 => exporting to image                                                                                                                                                                                                 5.5s
 => => exporting layers                                                                                                                                                                                                0.2s
 => => exporting manifest sha256:68300a6fc674e860f74c206487e9fad89abaa83aa209561ebd965563cd82c480                                                                                                                      0.0s
 => => exporting config sha256:42ddf0c7af519465e55885f69677adc43c77abe558bb14669c8542fd10ae12e9                                                                                                                        0.0s
 => => exporting attestation manifest sha256:a5d959607b4bc814d4351a5d04c80fb283e5c0b478b25647c993dc983f915311                                                                                                          0.0s
 => => exporting manifest list sha256:9dc4cd53587eabc83d260346e1f0ba71594bec5c44d6ab91252559872652eb07                                                                                                                 0.0s
 => => pushing layers                                                                                                                                                                                                  4.2s
 => => pushing manifest for nexus.telenity.com/com/telenity/consolportals-sa-stc-vcp-partnerportal:1.0.0.1-amd64@sha256:9dc4cd53587eabc83d260346e1f0ba71594bec5c44d6ab91252559872652eb07                               1.1s

 1 warning found (use docker --debug to expand):
 - FromAsCasing: 'as' and 'FROM' keywords' casing do not match (line 2)

View build details: docker-desktop://dashboard/build/telenity-builder/telenity-builder0/dwlxy3bc22ga44cx50p9y1120
zeynepozsoy@TELENITYs-MacBook-Pro vcp-partnerportal % cd ../a3gw
zeynepozsoy@TELENITYs-MacBook-Pro a3gw % docker buildx build \
  --platform linux/amd64 \
  -f Dockerfile.vcp.k8slocal \
  -t nexus.telenity.com/com/telenity/consolportals-sa-stc-vcp-a3gw:1.0.0.1-amd64 \
  --push \
  .
[+] Building 2.5s (16/16) FINISHED                                                                                                                                                        docker-container:telenity-builder
 => [internal] load build definition from Dockerfile.vcp.k8slocal                                                                                                                                                      0.0s
 => => transferring dockerfile: 1.21kB                                                                                                                                                                                 0.0s
 => [internal] load metadata for docker.io/library/node:20.15.0-alpine                                                                                                                                                 1.3s
 => [auth] library/node:pull token for registry-1.docker.io                                                                                                                                                            0.0s
 => [internal] load .dockerignore                                                                                                                                                                                      0.0s
 => => transferring context: 2B                                                                                                                                                                                        0.0s
 => [internal] load build context                                                                                                                                                                                      0.0s
 => => transferring context: 2.76kB                                                                                                                                                                                    0.0s
 => [ 1/10] FROM docker.io/library/node:20.15.0-alpine@sha256:df01469346db2bf1cfc1f7261aeab86b2960efa840fe2bd46d83ff339f463665                                                                                         0.0s
 => => resolve docker.io/library/node:20.15.0-alpine@sha256:df01469346db2bf1cfc1f7261aeab86b2960efa840fe2bd46d83ff339f463665                                                                                           0.0s
 => CACHED [ 2/10] WORKDIR /space/a3gw                                                                                                                                                                                 0.0s
 => CACHED [ 3/10] COPY package*.json ./                                                                                                                                                                               0.0s
 => CACHED [ 4/10] RUN npm install                                                                                                                                                                                     0.0s
 => CACHED [ 5/10] RUN npm install -g pm2                                                                                                                                                                              0.0s
 => CACHED [ 6/10] COPY ./src ./src                                                                                                                                                                                    0.0s
 => CACHED [ 7/10] COPY ./vcp/ecosystem.config.js ./ecosystem.config.js                                                                                                                                                0.0s
 => CACHED [ 8/10] COPY ./vcp/conf.k8s ./src/conf                                                                                                                                                                      0.0s
 => CACHED [ 9/10] RUN mkdir -p ./static                                                                                                                                                                               0.0s
 => CACHED [10/10] COPY ./vcp/static.prod ./static                                                                                                                                                                     0.0s
 => exporting to image                                                                                                                                                                                                 1.2s
 => => exporting layers                                                                                                                                                                                                0.0s
 => => exporting manifest sha256:44568e9ed134609738ea03476588003398780d4d1824903e402edc13b6b9f653                                                                                                                      0.0s
 => => exporting config sha256:f13eef9f0c6e3449ce78c3957f668d727f62df81b2ad8187cc8c1de16eb37213                                                                                                                        0.0s
 => => exporting attestation manifest sha256:24e67032f967b60f601d36b0ba62b5cf5f38200a3abed58c3054fbc00069d1c4                                                                                                          0.0s
 => => exporting manifest list sha256:f2678478330e4cbbc8e8d8f2134c1518ab6b34be0341b1988927051cba1787a4                                                                                                                 0.0s
 => => pushing layers                                                                                                                                                                                                  0.6s
 => => pushing manifest for nexus.telenity.com/com/telenity/consolportals-sa-stc-vcp-a3gw:1.0.0.1-amd64@sha256:f2678478330e4cbbc8e8d8f2134c1518ab6b34be0341b1988927051cba1787a4                                        0.5s

View build details: docker-desktop://dashboard/build/telenity-builder/telenity-builder0/nlleyxg5mlo6lf2oo343pmnoa
zeynepozsoy@TELENITYs-MacBook-Pro a3gw % cd ..
zeynepozsoy@TELENITYs-MacBook-Pro vcp % cd helm
zeynepozsoy@TELENITYs-MacBook-Pro helm % ls -ltra
total 120
-rw-r--r--@  1 zeynepozsoy  staff    955 Jan 14 21:24 README.md
-rw-r--r--@  1 zeynepozsoy  staff    227 Jan 14 21:24 Chart.yaml
-rw-r--r--   1 zeynepozsoy  staff   5758 Jan 15 02:17 rendered.yaml
drwxr-xr-x   3 zeynepozsoy  staff     96 Jan 20 08:21 tmp
-rw-r--r--   1 zeynepozsoy  staff  29251 Jan 20 10:06 log.txt
drwxr-xr-x  17 zeynepozsoy  staff    544 Jan 20 11:20 ..
drwxr-xr-x  14 zeynepozsoy  staff    448 Jan 20 22:49 templates
-rw-r--r--@  1 zeynepozsoy  staff   6148 Jan 26 22:13 .DS_Store
-rw-r--r--@  1 zeynepozsoy  staff   2350 Jan 27 05:30 values.yaml
drwxr-xr-x  10 zeynepozsoy  staff    320 Jan 27 05:30 .
zeynepozsoy@TELENITYs-MacBook-Pro helm % kubectl get all -n consolportals-test
No resources found in consolportals-test namespace.
zeynepozsoy@TELENITYs-MacBook-Pro helm % helm install consolportals-test . \
  --namespace consolportals-test \
  --set global.namespace=consolportals-test
NAME: consolportals-test
LAST DEPLOYED: Tue Jan 27 05:35:00 2026
NAMESPACE: consolportals-test
STATUS: deployed
REVISION: 1
DESCRIPTION: Install complete
TEST SUITE: None
zeynepozsoy@TELENITYs-MacBook-Pro helm % kubectl get pods -n consolportals-test -w

NAME                                                              READY   STATUS    RESTARTS   AGE
consolportals-sa-stc-vcp-a3gw-deployment-68dc4c8464-nq45x         1/1     Running   0          53s
consolportals-sa-stc-vcp-a3gw-deployment-68dc4c8464-z8xrr         1/1     Running   0          53s
consolportals-sa-stc-vcp-adminportal-deployment-5f9c8f8d6bfhwzh   1/1     Running   0          53s
consolportals-sa-stc-vcp-adminportal-deployment-5f9c8f8d6bv6xqs   1/1     Running   0          53s
consolportals-sa-stc-vcp-ccportal-deployment-7f85449cf6-w7lwh     1/1     Running   0          53s
consolportals-sa-stc-vcp-ccportal-deployment-7f85449cf6-z9xpj     1/1     Running   0          53s
consolportals-sa-stc-vcp-httpd-deployment-5f988d5764-4njcs        1/1     Running   0          53s
consolportals-sa-stc-vcp-httpd-deployment-5f988d5764-ch6lj        1/1     Running   0          53s
consolportals-sa-stc-vcp-partnerportal-deployment-595f448d2sfrx   1/1     Running   0          53s
consolportals-sa-stc-vcp-partnerportal-deployment-595f448d6prvn   1/1     Running   0          53s


zeynepozsoy@TELENITYs-MacBook-Pro helm % kubectl get svc -n consolportals-test
NAME                                             TYPE        CLUSTER-IP      EXTERNAL-IP   PORT(S)             AGE
consolportals-sa-stc-vcp-a3gw-service            ClusterIP   10.102.216.21   <none>        8444/TCP,8445/TCP   2m11s
consolportals-sa-stc-vcp-adminportal-service     ClusterIP   10.110.64.145   <none>        8080/TCP            2m11s
consolportals-sa-stc-vcp-ccportal-service        ClusterIP   10.99.145.44    <none>        8081/TCP            2m11s
consolportals-sa-stc-vcp-httpd-service           ClusterIP   10.97.121.34    <none>        80/TCP,443/TCP      2m11s
consolportals-sa-stc-vcp-partnerportal-service   ClusterIP   10.96.128.61    <none>        8082/TCP            2m11s
zeynepozsoy@TELENITYs-MacBook-Pro helm % kubectl get ingress -n consolportals-test
NAME                               CLASS   HOSTS   ADDRESS        PORTS   AGE
consolportals-sa-stc-vcp-ingress   nginx   *       10.35.36.240   80      2m17s
zeynepozsoy@TELENITYs-MacBook-Pro helm % kubectl describe ingress -n consolportals-test
Name:             consolportals-sa-stc-vcp-ingress
Labels:           app.kubernetes.io/managed-by=Helm
Namespace:        consolportals-test
Address:          10.35.36.240
Ingress Class:    nginx
Default backend:  <default>
Rules:
  Host        Path  Backends
  ----        ----  --------
  *
              /   consolportals-sa-stc-vcp-httpd-service:80 (10.244.63.23:80,10.244.0.245:80)
Annotations:  meta.helm.sh/release-name: consolportals-test
              meta.helm.sh/release-namespace: consolportals-test
Events:
  Type    Reason  Age                  From                      Message
  ----    ------  ----                 ----                      -------
  Normal  Sync    93s (x2 over 2m28s)  nginx-ingress-controller  Scheduled for sync
zeynepozsoy@TELENITYs-MacBook-Pro helm %
